Archive member included to satisfy reference by file (symbol)

c:/nxp/mcuxpressoide_10.3.0_2200/ide/plugins/com.nxp.mcuxpresso.tools.win32_10.3.0.201811011841/tools/bin/../lib/gcc/arm-none-eabi/7.3.1/../../../../arm-none-eabi/lib/thumb/v7e-m\libcr_nohost_nf.a(__ciob.o)
                              ./source/main.o (__Ciob)
c:/nxp/mcuxpressoide_10.3.0_2200/ide/plugins/com.nxp.mcuxpresso.tools.win32_10.3.0.201811011841/tools/bin/../lib/gcc/arm-none-eabi/7.3.1/../../../../arm-none-eabi/lib/thumb/v7e-m\libcr_nohost_nf.a(_cr__main.o)
                              ./startup/startup_mk60d10.o (__main)
c:/nxp/mcuxpressoide_10.3.0_2200/ide/plugins/com.nxp.mcuxpresso.tools.win32_10.3.0.201811011841/tools/bin/../lib/gcc/arm-none-eabi/7.3.1/../../../../arm-none-eabi/lib/thumb/v7e-m\libcr_nohost_nf.a(_cr_assert.o)
                              ./drivers/fsl_clock.o (__assertion_failed)
c:/nxp/mcuxpressoide_10.3.0_2200/ide/plugins/com.nxp.mcuxpresso.tools.win32_10.3.0.201811011841/tools/bin/../lib/gcc/arm-none-eabi/7.3.1/../../../../arm-none-eabi/lib/thumb/v7e-m\libcr_nohost_nf.a(__sys_appexit.o)
                              c:/nxp/mcuxpressoide_10.3.0_2200/ide/plugins/com.nxp.mcuxpresso.tools.win32_10.3.0.201811011841/tools/bin/../lib/gcc/arm-none-eabi/7.3.1/../../../../arm-none-eabi/lib/thumb/v7e-m\libcr_nohost_nf.a(_cr_assert.o) (__sys_appexit)
c:/nxp/mcuxpressoide_10.3.0_2200/ide/plugins/com.nxp.mcuxpresso.tools.win32_10.3.0.201811011841/tools/bin/../lib/gcc/arm-none-eabi/7.3.1/../../../../arm-none-eabi/lib/thumb/v7e-m\libcr_c.a(memcpy.o)
                              ./drivers/fsl_flash.o (memcpy)
c:/nxp/mcuxpressoide_10.3.0_2200/ide/plugins/com.nxp.mcuxpresso.tools.win32_10.3.0.201811011841/tools/bin/../lib/gcc/arm-none-eabi/7.3.1/../../../../arm-none-eabi/lib/thumb/v7e-m\libcr_c.a(memset.o)
                              ./drivers/fsl_flash.o (memset)
c:/nxp/mcuxpressoide_10.3.0_2200/ide/plugins/com.nxp.mcuxpresso.tools.win32_10.3.0.201811011841/tools/bin/../lib/gcc/arm-none-eabi/7.3.1/../../../../arm-none-eabi/lib/thumb/v7e-m\libcr_c.a(__fillbuf.o)
                              ./source/main.o (__filbuf)
c:/nxp/mcuxpressoide_10.3.0_2200/ide/plugins/com.nxp.mcuxpresso.tools.win32_10.3.0.201811011841/tools/bin/../lib/gcc/arm-none-eabi/7.3.1/../../../../arm-none-eabi/lib/thumb/v7e-m\libcr_c.a(_deferredlazyseek.o)
                              c:/nxp/mcuxpressoide_10.3.0_2200/ide/plugins/com.nxp.mcuxpresso.tools.win32_10.3.0.201811011841/tools/bin/../lib/gcc/arm-none-eabi/7.3.1/../../../../arm-none-eabi/lib/thumb/v7e-m\libcr_c.a(__fillbuf.o) (_deferredlazyseek)
c:/nxp/mcuxpressoide_10.3.0_2200/ide/plugins/com.nxp.mcuxpresso.tools.win32_10.3.0.201811011841/tools/bin/../lib/gcc/arm-none-eabi/7.3.1/../../../../arm-none-eabi/lib/thumb/v7e-m\libcr_c.a(_fflush.o)
                              c:/nxp/mcuxpressoide_10.3.0_2200/ide/plugins/com.nxp.mcuxpresso.tools.win32_10.3.0.201811011841/tools/bin/../lib/gcc/arm-none-eabi/7.3.1/../../../../arm-none-eabi/lib/thumb/v7e-m\libcr_c.a(__fillbuf.o) (_fflush)
c:/nxp/mcuxpressoide_10.3.0_2200/ide/plugins/com.nxp.mcuxpresso.tools.win32_10.3.0.201811011841/tools/bin/../lib/gcc/arm-none-eabi/7.3.1/../../../../arm-none-eabi/lib/thumb/v7e-m\libcr_c.a(_writebuf.o)
                              c:/nxp/mcuxpressoide_10.3.0_2200/ide/plugins/com.nxp.mcuxpresso.tools.win32_10.3.0.201811011841/tools/bin/../lib/gcc/arm-none-eabi/7.3.1/../../../../arm-none-eabi/lib/thumb/v7e-m\libcr_c.a(_deferredlazyseek.o) (_Cwritebuf)
c:/nxp/mcuxpressoide_10.3.0_2200/ide/plugins/com.nxp.mcuxpresso.tools.win32_10.3.0.201811011841/tools/bin/../lib/gcc/arm-none-eabi/7.3.1/../../../../arm-none-eabi/lib/thumb/v7e-m\libcr_c.a(alloc.o)
                              ./source/main.o (malloc)
c:/nxp/mcuxpressoide_10.3.0_2200/ide/plugins/com.nxp.mcuxpresso.tools.win32_10.3.0.201811011841/tools/bin/../lib/gcc/arm-none-eabi/7.3.1/../../../../arm-none-eabi/lib/thumb/v7e-m\libcr_c.a(fputs.o)
                              c:/nxp/mcuxpressoide_10.3.0_2200/ide/plugins/com.nxp.mcuxpresso.tools.win32_10.3.0.201811011841/tools/bin/../lib/gcc/arm-none-eabi/7.3.1/../../../../arm-none-eabi/lib/thumb/v7e-m\libcr_nohost_nf.a(_cr_assert.o) (fputs)
c:/nxp/mcuxpressoide_10.3.0_2200/ide/plugins/com.nxp.mcuxpresso.tools.win32_10.3.0.201811011841/tools/bin/../lib/gcc/arm-none-eabi/7.3.1/../../../../arm-none-eabi/lib/thumb/v7e-m\libcr_c.a(fseek.o)
                              c:/nxp/mcuxpressoide_10.3.0_2200/ide/plugins/com.nxp.mcuxpresso.tools.win32_10.3.0.201811011841/tools/bin/../lib/gcc/arm-none-eabi/7.3.1/../../../../arm-none-eabi/lib/thumb/v7e-m\libcr_c.a(_deferredlazyseek.o) (fseek)
c:/nxp/mcuxpressoide_10.3.0_2200/ide/plugins/com.nxp.mcuxpresso.tools.win32_10.3.0.201811011841/tools/bin/../lib/gcc/arm-none-eabi/7.3.1/../../../../arm-none-eabi/lib/thumb/v7e-m\libcr_c.a(ftell.o)
[...]
Memory Configuration

Name             Origin             Length             Attributes
PROGRAM_FLASH    0x00000000         0x00080000         xr
SRAM_UPPER       0x20000000         0x00010000         xrw
SRAM_LOWER       0x1fff0000         0x00010000         xrw
FLEX_RAM         0x14000000         0x00001000         xrw
*default*        0x00000000         0xffffffff

Linker script and memory map

LOAD ./utilities/fsl_debug_console.o
LOAD ./startup/startup_mk60d10.o
LOAD ./source/crc.o
LOAD ./source/main.o
LOAD ./source/semihost_hardfault.o
LOAD ./drivers/fsl_clock.o
LOAD ./drivers/fsl_common.o
LOAD ./drivers/fsl_crc.o
LOAD ./drivers/fsl_flash.o
LOAD ./drivers/fsl_gpio.o
LOAD ./drivers/fsl_smc.o
LOAD ./drivers/fsl_uart.o
LOAD ./board/board.o
LOAD ./board/clock_config.o
LOAD ./board/pin_mux.o
LOAD ./CMSIS/system_MK60D10.o
START GROUP
LOAD c:/nxp/mcuxpressoide_10.3.0_2200/ide/plugins/com.nxp.mcuxpresso.tools.win32_10.3.0.201811011841/tools/bin/../lib/gcc/arm-none-eabi/7.3.1/../../../../arm-none-eabi/lib/thumb/v7e-m\libcr_nohost_nf.a
LOAD c:/nxp/mcuxpressoide_10.3.0_2200/ide/plugins/com.nxp.mcuxpresso.tools.win32_10.3.0.201811011841/tools/bin/../lib/gcc/arm-none-eabi/7.3.1/../../../../arm-none-eabi/lib/thumb/v7e-m\libcr_c.a
LOAD c:/nxp/mcuxpressoide_10.3.0_2200/ide/plugins/com.nxp.mcuxpresso.tools.win32_10.3.0.201811011841/tools/bin/../lib/gcc/arm-none-eabi/7.3.1/thumb/v7e-m\libcr_eabihelpers.a
END GROUP
                0x00000000                __base_PROGRAM_FLASH = 0x0
                0x00000000                __base_Flash = 0x0
                0x00080000                __top_PROGRAM_FLASH = 0x80000
                0x00080000                __top_Flash = 0x80000
                0x20000000                __base_SRAM_UPPER = 0x20000000
                0x20000000                __base_RAM = 0x20000000
                0x20010000                __top_SRAM_UPPER = 0x20010000
                0x20010000                __top_RAM = 0x20010000
                0x1fff0000                __base_SRAM_LOWER = 0x1fff0000
                0x1fff0000                __base_RAM2 = 0x1fff0000
                0x20000000                __top_SRAM_LOWER = 0x20000000
                0x20000000                __top_RAM2 = 0x20000000
                0x14000000                __base_FLEX_RAM = 0x14000000
                0x14000000                __base_RAM3 = 0x14000000
                0x14001000                __top_FLEX_RAM = 0x14001000
                0x14001000                __top_RAM3 = 0x14001000

.text           0x00000000     0x449c
 FILL mask 0xff
                0x00000000                __vectors_start__ = ABSOLUTE (.)
 *(SORT_BY_ALIGNMENT(.isr_vector))
 .isr_vector    0x00000000      0x1bc ./startup/startup_mk60d10.o
                0x00000000                g_pfnVectors
                0x00000000                __Vectors
                0x000001bc                . = ALIGN (0x4)
                0x000001bc                __section_table_start = .
                0x000001bc                __data_section_table = .
                0x000001bc        0x4 LONG 0x449c LOADADDR (.data)
                0x000001c0        0x4 LONG 0x20000000 ADDR (.data)
                0x000001c4        0x4 LONG 0xc SIZEOF (.data)
                0x000001c8        0x4 LONG 0x449c LOADADDR (.data_RAM2)
                0x000001cc        0x4 LONG 0x1fff0000 ADDR (.data_RAM2)
                0x000001d0        0x4 LONG 0x0 SIZEOF (.data_RAM2)
                0x000001d4        0x4 LONG 0x449c LOADADDR (.data_RAM3)
                0x000001d8        0x4 LONG 0x14000000 ADDR (.data_RAM3)
                0x000001dc        0x4 LONG 0x0 SIZEOF (.data_RAM3)
                0x000001e0                __data_section_table_end = .
                0x000001e0                __bss_section_table = .
                0x000001e0        0x4 LONG 0x2000000c ADDR (.bss)
                0x000001e4        0x4 LONG 0x6f4 SIZEOF (.bss)
                0x000001e8        0x4 LONG 0x1fff0000 ADDR (.bss_RAM2)
                0x000001ec        0x4 LONG 0x0 SIZEOF (.bss_RAM2)
                0x000001f0        0x4 LONG 0x14000000 ADDR (.bss_RAM3)
                0x000001f4        0x4 LONG 0x0 SIZEOF (.bss_RAM3)
                0x000001f8                __bss_section_table_end = .
                0x000001f8                __section_table_end = .
 *(SORT_BY_ALIGNMENT(.after_vectors*))
 .after_vectors.reset
                0x000001f8       0x4c ./startup/startup_mk60d10.o
                0x000001f8                ResetISR
 .after_vectors.init_data
                0x00000244       0x1c ./startup/startup_mk60d10.o
                0x00000244                data_init
 .after_vectors.init_bss
                0x00000260       0x12 ./startup/startup_mk60d10.o
                0x00000260                bss_init
 .after_vectors
                0x00000272       0x14 ./startup/startup_mk60d10.o
                0x00000272                NMI_Handler
                0x00000276                MemManage_Handler
                0x00000278                BusFault_Handler
                0x0000027a                UsageFault_Handler
                0x0000027c                SVC_Handler
                0x0000027e                DebugMon_Handler
                0x00000280                PendSV_Handler
                0x00000282                SysTick_Handler
                0x00000284                DMA_Error_DriverIRQHandler
                0x00000284                LPTMR0_DriverIRQHandler
                0x00000284                SPI1_DriverIRQHandler
                0x00000284                FTM1_DriverIRQHandler
                0x00000284                FTM2_DriverIRQHandler
                0x00000284                PIT2_DriverIRQHandler
                0x00000284                SDHC_DriverIRQHandler
                0x00000284                I2S0_Tx_DriverIRQHandler
                0x00000284                TSI0_DriverIRQHandler
                0x00000284                RTC_Seconds_DriverIRQHandler
                0x00000284                Reserved109_DriverIRQHandler
                0x00000284                DMA6_DriverIRQHandler
                0x00000284                LLWU_DriverIRQHandler
                0x00000284                MCM_DriverIRQHandler
                0x00000284                MCG_DriverIRQHandler
                0x00000284                ENET_1588_Timer_DriverIRQHandler
                0x00000284                DAC1_DriverIRQHandler
                0x00000284                DMA12_DriverIRQHandler
                0x00000284                CMP1_DriverIRQHandler
                0x00000284                FTM0_DriverIRQHandler
                0x00000284                IntDefaultHandler
                0x00000284                USB0_DriverIRQHandler
                0x00000284                UART5_ERR_DriverIRQHandler
                0x00000284                PORTC_DriverIRQHandler
                0x00000284                DMA11_DriverIRQHandler
                0x00000284                DAC0_DriverIRQHandler
                0x00000284                DMA10_DriverIRQHandler
                0x00000284                CMP2_DriverIRQHandler
                0x00000284                UART2_ERR_DriverIRQHandler
                0x00000284                SPI2_DriverIRQHandler
                0x00000284                LVD_LVW_DriverIRQHandler
                0x00000284                PORTB_DriverIRQHandler
                0x00000284                RNG_DriverIRQHandler
                0x00000284                DMA5_DriverIRQHandler
                0x00000284                DMA4_DriverIRQHandler
                0x00000284                USBDCD_DriverIRQHandler
                0x00000284                UART3_ERR_DriverIRQHandler
                0x00000284                DMA3_DriverIRQHandler
                0x00000284                DMA8_DriverIRQHandler
                0x00000284                DMA9_DriverIRQHandler
                0x00000284                UART0_ERR_DriverIRQHandler
                0x00000284                CMT_DriverIRQHandler
                0x00000284                ADC1_DriverIRQHandler
                0x00000284                PORTA_DriverIRQHandler
                0x00000284                DMA14_DriverIRQHandler
                0x00000284                PIT3_DriverIRQHandler
                0x00000284                PIT1_DriverIRQHandler
                0x00000284                WDOG_EWM_DriverIRQHandler
                0x00000284                PDB0_DriverIRQHandler
                0x00000284                Reserved95_DriverIRQHandler
                0x00000284                RTC_DriverIRQHandler
                0x00000284                I2S0_Rx_DriverIRQHandler
                0x00000284                Read_Collision_DriverIRQHandler
                0x00000284                SWI_DriverIRQHandler
                0x00000284                UART4_ERR_DriverIRQHandler
                0x00000284                DMA0_DriverIRQHandler
                0x00000284                UART0_LON_DriverIRQHandler
                0x00000284                Reserved102_DriverIRQHandler
                0x00000284                DMA1_DriverIRQHandler
                0x00000284                I2C1_DriverIRQHandler
                0x00000284                ENET_Receive_DriverIRQHandler
                0x00000284                DMA13_DriverIRQHandler
                0x00000284                ENET_Error_DriverIRQHandler
                0x00000284                DMA15_DriverIRQHandler
                0x00000284                SPI0_DriverIRQHandler
                0x00000284                ADC0_DriverIRQHandler
                0x00000284                FTFL_DriverIRQHandler
                0x00000284                CMP0_DriverIRQHandler
                0x00000284                CAN0_DriverIRQHandler
                0x00000284                Reserved59_DriverIRQHandler
                0x00000284                PIT0_DriverIRQHandler
                0x00000284                UART1_ERR_DriverIRQHandler
                0x00000284                DMA2_DriverIRQHandler
                0x00000284                ENET_Transmit_DriverIRQHandler
                0x00000284                PORTD_DriverIRQHandler
                0x00000284                PORTE_DriverIRQHandler
                0x00000284                I2C0_DriverIRQHandler
                0x00000284                CAN1_DriverIRQHandler
                0x00000284                DMA7_DriverIRQHandler
                0x00000284                Reserved108_DriverIRQHandler
                0x00000400                . = 0x400
 *fill*         0x00000286      0x17a ff
                0x00000400                PROVIDE (__FLASH_CONFIG_START__ = .)
 *(SORT_BY_ALIGNMENT(.FlashConfig))
 .FlashConfig   0x00000400       0x10 ./startup/startup_mk60d10.o
                0x00000400                Flash_Config
                0x00000410                PROVIDE (__FLASH_CONFIG_END__ = .)
                0x00000001                ASSERT (! ((__FLASH_CONFIG_START__ == __FLASH_CONFIG_END__)), Linker Flash Config Support Enabled, but no .FlashConfig section provided within application)
 *(SORT_BY_ALIGNMENT(.text*))
 .text.DbgConsole_Init
                0x00000410       0x90 ./utilities/fsl_debug_console.o
                0x00000410                DbgConsole_Init
 .text.__sys_write
                0x000004a0       0x54 ./utilities/fsl_debug_console.o
                0x000004a0                __sys_write
 .text.__sys_readc
                0x000004f4       0x30 ./utilities/fsl_debug_console.o
                0x000004f4                __sys_readc
 .text.computeCRC16HWMOD
                0x00000524       0x60 ./source/crc.o
                0x00000524                computeCRC16HWMOD
 .text.computeCRC32HWMOD
                0x00000584       0x60 ./source/crc.o
                0x00000584                computeCRC32HWMOD
 .text.calculateTableCRC16
                0x000005e4       0x74 ./source/crc.o
                0x000005e4                calculateTableCRC16
 .text.calculateTableCRC32
                0x00000658       0x70 ./source/crc.o
                0x00000658                calculateTableCRC32
 .text.computeCRC16Table
                0x000006c8       0x50 ./source/crc.o
                0x000006c8                computeCRC16Table
 .text.computeCRC32Table
                0x00000718       0x4c ./source/crc.o
                0x00000718                computeCRC32Table
 .text.main     0x00000764       0x9c ./source/main.o
                0x00000764                main
 .text.getInputData
                0x00000800      0x128 ./source/main.o
                0x00000800                getInputData
 .text.printLine
                0x00000928       0x14 ./source/main.o
                0x00000928                printLine
 .text.getResults
                0x0000093c       0xc8 ./source/main.o
                0x0000093c                getResults
 .text.getUsersAnswer
                0x00000a04       0x5c ./source/main.o
                0x00000a04                getUsersAnswer
 .text.setPolynomials
                0x00000a60       0x94 ./source/main.o
                0x00000a60                setPolynomials
 .text.CLOCK_SetEr32kClock
                0x00000af4       0x2c ./drivers/fsl_clock.o
 .text.CLOCK_SetPllFllSelClock
                0x00000b20       0x38 ./drivers/fsl_clock.o
 .text.CLOCK_GetMcgExtClkFreq
                0x00000b58       0x6c ./drivers/fsl_clock.o
 .text.CLOCK_GetFllExtRefClkFreq
                0x00000bc4       0xc8 ./drivers/fsl_clock.o
 .text.CLOCK_GetInternalRefClkSelectFreq
                0x00000c8c       0x40 ./drivers/fsl_clock.o
 .text.CLOCK_GetFllRefClkFreq
                0x00000ccc       0x2c ./drivers/fsl_clock.o
 .text.CLOCK_GetOscRangeFromFreq
                0x00000cf8       0x3c ./drivers/fsl_clock.o
 .text.CLOCK_GetBusClkFreq
                0x00000d34       0x28 ./drivers/fsl_clock.o
                0x00000d34                CLOCK_GetBusClkFreq
 .text.CLOCK_SetSimConfig
                0x00000d5c       0x38 ./drivers/fsl_clock.o
                0x00000d5c                CLOCK_SetSimConfig
 .text.CLOCK_GetOutClkFreq
                0x00000d94       0x64 ./drivers/fsl_clock.o
                0x00000d94                CLOCK_GetOutClkFreq
 .text.CLOCK_GetFllFreq
                0x00000df8       0x7c ./drivers/fsl_clock.o
                0x00000df8                CLOCK_GetFllFreq
 .text.CLOCK_GetPll0Freq
                0x00000e74       0x68 ./drivers/fsl_clock.o
                0x00000e74                CLOCK_GetPll0Freq
 .text.CLOCK_SetExternalRefClkConfig
                0x00000edc       0x6c ./drivers/fsl_clock.o
                0x00000edc                CLOCK_SetExternalRefClkConfig
 .text.CLOCK_SetInternalRefClkConfig
                0x00000f48      0x104 ./drivers/fsl_clock.o
                0x00000f48                CLOCK_SetInternalRefClkConfig
 .text.CLOCK_EnablePll0
                0x0000104c       0x84 ./drivers/fsl_clock.o
                0x0000104c                CLOCK_EnablePll0
 .text.CLOCK_InitOsc0
                0x000010d0       0x8c ./drivers/fsl_clock.o
                0x000010d0                CLOCK_InitOsc0
 .text.CLOCK_SetPbeMode
                0x0000115c       0xa8 ./drivers/fsl_clock.o
                0x0000115c                CLOCK_SetPbeMode
 .text.CLOCK_BootToPeeMode
                0x00001204       0x64 ./drivers/fsl_clock.o
                0x00001204                CLOCK_BootToPeeMode
 .text.CRC_Init
                0x00001268       0x38 ./drivers/fsl_crc.o
                0x00001268                CRC_Init
 .text.UART_GetInstance
                0x000012a0       0x54 ./drivers/fsl_uart.o
                0x000012a0                UART_GetInstance
 .text.UART_Init
                0x000012f4      0x290 ./drivers/fsl_uart.o
                0x000012f4                UART_Init
 .text.UART_GetDefaultConfig
                0x00001584       0x48 ./drivers/fsl_uart.o
                0x00001584                UART_GetDefaultConfig
 .text.UART_ReadBlocking
                0x000015cc       0x90 ./drivers/fsl_uart.o
                0x000015cc                UART_ReadBlocking
 .text.UART0_DriverIRQHandler
                0x0000165c       0x24 ./drivers/fsl_uart.o
                0x0000165c                UART0_DriverIRQHandler
 .text.UART1_DriverIRQHandler
                0x00001680       0x24 ./drivers/fsl_uart.o
                0x00001680                UART1_DriverIRQHandler
 .text.UART2_DriverIRQHandler
                0x000016a4       0x24 ./drivers/fsl_uart.o
                0x000016a4                UART2_DriverIRQHandler
 .text.UART3_DriverIRQHandler
                0x000016c8       0x24 ./drivers/fsl_uart.o
                0x000016c8                UART3_DriverIRQHandler
 .text.UART4_DriverIRQHandler
                0x000016ec       0x24 ./drivers/fsl_uart.o
                0x000016ec                UART4_DriverIRQHandler
 .text.UART5_DriverIRQHandler
                0x00001710       0x24 ./drivers/fsl_uart.o
                0x00001710                UART5_DriverIRQHandler
 .text.BOARD_InitDebugConsole
                0x00001734       0x28 ./board/board.o
                0x00001734                BOARD_InitDebugConsole
 .text.CLOCK_SetSimSafeDivs
                0x0000175c       0x20 ./board/clock_config.o
 .text.CLOCK_SetXtal0Freq
                0x0000177c       0x1c ./board/clock_config.o
 .text.CLOCK_CONFIG_SetFllExtRefDiv
                0x00001798       0x38 ./board/clock_config.o
 .text.BOARD_BootClockRUN
                0x000017d0       0x60 ./board/clock_config.o
                0x000017d0                BOARD_BootClockRUN
 .text.BOARD_InitPins
                0x00001830       0x2c ./board/pin_mux.o
                0x00001830                BOARD_InitPins
 .text.SystemInit
                0x0000185c       0x28 ./CMSIS/system_MK60D10.o
                0x0000185c                SystemInit
 .text.__assertion_failed
                0x00001884       0x4c c:/nxp/mcuxpressoide_10.3.0_2200/ide/plugins/com.nxp.mcuxpresso.tools.win32_10.3.0.201811011841/tools/bin/../lib/gcc/arm-none-eabi/7.3.1/../../../../arm-none-eabi/lib/thumb/v7e-m\libcr_nohost_nf.a(_cr_assert.o)
                0x00001884                __assertion_failed
 .text.__filbuf
                0x000018d0      0x178 c:/nxp/mcuxpressoide_10.3.0_2200/ide/plugins/com.nxp.mcuxpresso.tools.win32_10.3.0.201811011841/tools/bin/../lib/gcc/arm-none-eabi/7.3.1/../../../../arm-none-eabi/lib/thumb/v7e-m\libcr_c.a(__fillbuf.o)
                0x000018d0                __filbuf
 .text._Cwritebuf
                0x00001a48       0x6c c:/nxp/mcuxpressoide_10.3.0_2200/ide/plugins/com.nxp.mcuxpresso.tools.win32_10.3.0.201811011841/tools/bin/../lib/gcc/arm-none-eabi/7.3.1/../../../../arm-none-eabi/lib/thumb/v7e-m\libcr_c.a(_writebuf.o)
                0x00001a48                _Cwritebuf
 .text.malloc   0x00001ab4       0xc8 c:/nxp/mcuxpressoide_10.3.0_2200/ide/plugins/com.nxp.mcuxpresso.tools.win32_10.3.0.201811011841/tools/bin/../lib/gcc/arm-none-eabi/7.3.1/../../../../arm-none-eabi/lib/thumb/v7e-m\libcr_c.a(alloc.o)
                0x00001ab4                malloc
 .text._Csys_alloc
                0x00001b7c       0x20 c:/nxp/mcuxpressoide_10.3.0_2200/ide/plugins/com.nxp.mcuxpresso.tools.win32_10.3.0.201811011841/tools/bin/../lib/gcc/arm-none-eabi/7.3.1/../../../../arm-none-eabi/lib/thumb/v7e-m\libcr_c.a(alloc.o)
                0x00001b7c                _Csys_alloc
 .text.fseek    0x00001b9c      0x100 c:/nxp/mcuxpressoide_10.3.0_2200/ide/plugins/com.nxp.mcuxpresso.tools.win32_10.3.0.201811011841/tools/bin/../lib/gcc/arm-none-eabi/7.3.1/../../../../arm-none-eabi/lib/thumb/v7e-m\libcr_c.a(fseek.o)
                0x00001b9c                fseek
 .text.ftell    0x00001c9c       0x44 c:/nxp/mcuxpressoide_10.3.0_2200/ide/plugins/com.nxp.mcuxpresso.tools.win32_10.3.0.201811011841/tools/bin/../lib/gcc/arm-none-eabi/7.3.1/../../../../arm-none-eabi/lib/thumb/v7e-m\libcr_c.a(ftell.o)
                0x00001c9c                ftell
 .text._initio  0x00001ce0       0x78 c:/nxp/mcuxpressoide_10.3.0_2200/ide/plugins/com.nxp.mcuxpresso.tools.win32_10.3.0.201811011841/tools/bin/../lib/gcc/arm-none-eabi/7.3.1/../../../../arm-none-eabi/lib/thumb/v7e-m\libcr_c.a(initio.o)
                0x00001ce0                _initio
 .text.__vfprintf
                0x00001d58      0xb8c c:/nxp/mcuxpressoide_10.3.0_2200/ide/plugins/com.nxp.mcuxpresso.tools.win32_10.3.0.201811011841/tools/bin/../lib/gcc/arm-none-eabi/7.3.1/../../../../arm-none-eabi/lib/thumb/v7e-m\libcr_c.a(printf.o)
                0x00001d58                __vfprintf
 .text._vsnprintf
                0x000028e4       0x68 c:/nxp/mcuxpressoide_10.3.0_2200/ide/plugins/com.nxp.mcuxpresso.tools.win32_10.3.0.201811011841/tools/bin/../lib/gcc/arm-none-eabi/7.3.1/../../../../arm-none-eabi/lib/thumb/v7e-m\libcr_c.a(printf.o)
                0x000028e4                _vsnprintf
 .text._printf  0x0000294c       0x54 c:/nxp/mcuxpressoide_10.3.0_2200/ide/plugins/com.nxp.mcuxpresso.tools.win32_10.3.0.201811011841/tools/bin/../lib/gcc/arm-none-eabi/7.3.1/../../../../arm-none-eabi/lib/thumb/v7e-m\libcr_c.a(printf.o)
                0x0000294c                _printf
 .text.ch_val   0x000029a0       0x30 c:/nxp/mcuxpressoide_10.3.0_2200/ide/plugins/com.nxp.mcuxpresso.tools.win32_10.3.0.201811011841/tools/bin/../lib/gcc/arm-none-eabi/7.3.1/../../../../arm-none-eabi/lib/thumb/v7e-m\libcr_c.a(scanf.o)
 .text._strtoul
                0x000029d0       0xb8 c:/nxp/mcuxpressoide_10.3.0_2200/ide/plugins/com.nxp.mcuxpresso.tools.win32_10.3.0.201811011841/tools/bin/../lib/gcc/arm-none-eabi/7.3.1/../../../../arm-none-eabi/lib/thumb/v7e-m\libcr_c.a(scanf.o)
 .text.strtol   0x00002a88       0x7c c:/nxp/mcuxpressoide_10.3.0_2200/ide/plugins/com.nxp.mcuxpresso.tools.win32_10.3.0.201811011841/tools/bin/../lib/gcc/arm-none-eabi/7.3.1/../../../../arm-none-eabi/lib/thumb/v7e-m\libcr_c.a(scanf.o)
                0x00002a88                strtol
 .text.setvbuf  0x00002b04       0x40 c:/nxp/mcuxpressoide_10.3.0_2200/ide/plugins/com.nxp.mcuxpresso.tools.win32_10.3.0.201811011841/tools/bin/../lib/gcc/arm-none-eabi/7.3.1/../../../../arm-none-eabi/lib/thumb/v7e-m\libcr_c.a(setvbuf.o)
                0x00002b04                setvbuf
 .text._sbrk    0x00002b44       0x3c c:/nxp/mcuxpressoide_10.3.0_2200/ide/plugins/com.nxp.mcuxpresso.tools.win32_10.3.0.201811011841/tools/bin/../lib/gcc/arm-none-eabi/7.3.1/../../../../arm-none-eabi/lib/thumb/v7e-m\libcr_c.a(_cr_sbrk.o)
                0x00002b44                _sbrk
 .text.fflush   0x00002b80       0x44 c:/nxp/mcuxpressoide_10.3.0_2200/ide/plugins/com.nxp.mcuxpresso.tools.win32_10.3.0.201811011841/tools/bin/../lib/gcc/arm-none-eabi/7.3.1/../../../../arm-none-eabi/lib/thumb/v7e-m\libcr_c.a(fflush.o)
                0x00002b80                fflush
 .text.__check_heap_overflow
                0x00002bc4       0x18 c:/nxp/mcuxpressoide_10.3.0_2200/ide/plugins/com.nxp.mcuxpresso.tools.win32_10.3.0.201811011841/tools/bin/../lib/gcc/arm-none-eabi/7.3.1/../../../../arm-none-eabi/lib/thumb/v7e-m\libcr_c.a(_cr_check_heap.o)
                0x00002bc4                __check_heap_overflow
 .text.UART_EnableTx
                0x00002bdc       0x3e ./utilities/fsl_debug_console.o
 .text.UART_EnableRx
                0x00002c1a       0x3e ./utilities/fsl_debug_console.o
 .text.DMA0_IRQHandler
                0x00002c58        0x8 ./startup/startup_mk60d10.o
                0x00002c58                DMA0_IRQHandler
 .text.DMA1_IRQHandler
                0x00002c60        0x8 ./startup/startup_mk60d10.o
                0x00002c60                DMA1_IRQHandler
 .text.DMA2_IRQHandler
                0x00002c68        0x8 ./startup/startup_mk60d10.o
                0x00002c68                DMA2_IRQHandler
 .text.DMA3_IRQHandler
                0x00002c70        0x8 ./startup/startup_mk60d10.o
                0x00002c70                DMA3_IRQHandler
 .text.DMA4_IRQHandler
                0x00002c78        0x8 ./startup/startup_mk60d10.o
                0x00002c78                DMA4_IRQHandler
 .text.DMA5_IRQHandler
                0x00002c80        0x8 ./startup/startup_mk60d10.o
                0x00002c80                DMA5_IRQHandler
 .text.DMA6_IRQHandler
                0x00002c88        0x8 ./startup/startup_mk60d10.o
                0x00002c88                DMA6_IRQHandler
 .text.DMA7_IRQHandler
                0x00002c90        0x8 ./startup/startup_mk60d10.o
                0x00002c90                DMA7_IRQHandler
 .text.DMA8_IRQHandler
                0x00002c98        0x8 ./startup/startup_mk60d10.o
                0x00002c98                DMA8_IRQHandler
 .text.DMA9_IRQHandler
                0x00002ca0        0x8 ./startup/startup_mk60d10.o
                0x00002ca0                DMA9_IRQHandler
 .text.DMA10_IRQHandler
                0x00002ca8        0x8 ./startup/startup_mk60d10.o
                0x00002ca8                DMA10_IRQHandler
 .text.DMA11_IRQHandler
                0x00002cb0        0x8 ./startup/startup_mk60d10.o
                0x00002cb0                DMA11_IRQHandler
 .text.DMA12_IRQHandler
                0x00002cb8        0x8 ./startup/startup_mk60d10.o
                0x00002cb8                DMA12_IRQHandler
 .text.DMA13_IRQHandler
                0x00002cc0        0x8 ./startup/startup_mk60d10.o
                0x00002cc0                DMA13_IRQHandler
 .text.DMA14_IRQHandler
                0x00002cc8        0x8 ./startup/startup_mk60d10.o
                0x00002cc8                DMA14_IRQHandler
 .text.DMA15_IRQHandler
                0x00002cd0        0x8 ./startup/startup_mk60d10.o
                0x00002cd0                DMA15_IRQHandler
 .text.DMA_Error_IRQHandler
                0x00002cd8        0x8 ./startup/startup_mk60d10.o
                0x00002cd8                DMA_Error_IRQHandler
 .text.MCM_IRQHandler
                0x00002ce0        0x8 ./startup/startup_mk60d10.o
                0x00002ce0                MCM_IRQHandler
 .text.FTFL_IRQHandler
                0x00002ce8        0x8 ./startup/startup_mk60d10.o
                0x00002ce8                FTFL_IRQHandler
 .text.Read_Collision_IRQHandler
                0x00002cf0        0x8 ./startup/startup_mk60d10.o
                0x00002cf0                Read_Collision_IRQHandler
 .text.LVD_LVW_IRQHandler
                0x00002cf8        0x8 ./startup/startup_mk60d10.o
                0x00002cf8                LVD_LVW_IRQHandler
 .text.LLWU_IRQHandler
                0x00002d00        0x8 ./startup/startup_mk60d10.o
                0x00002d00                LLWU_IRQHandler
 .text.WDOG_EWM_IRQHandler
                0x00002d08        0x8 ./startup/startup_mk60d10.o
                0x00002d08                WDOG_EWM_IRQHandler
 .text.RNG_IRQHandler
                0x00002d10        0x8 ./startup/startup_mk60d10.o
                0x00002d10                RNG_IRQHandler
 .text.I2C0_IRQHandler
                0x00002d18        0x8 ./startup/startup_mk60d10.o
                0x00002d18                I2C0_IRQHandler
 .text.I2C1_IRQHandler
                0x00002d20        0x8 ./startup/startup_mk60d10.o
                0x00002d20                I2C1_IRQHandler
 .text.SPI0_IRQHandler
                0x00002d28        0x8 ./startup/startup_mk60d10.o
                0x00002d28                SPI0_IRQHandler
 .text.SPI1_IRQHandler
                0x00002d30        0x8 ./startup/startup_mk60d10.o
                0x00002d30                SPI1_IRQHandler
 .text.SPI2_IRQHandler
                0x00002d38        0x8 ./startup/startup_mk60d10.o
                0x00002d38                SPI2_IRQHandler
 .text.CAN0_ORed_Message_buffer_IRQHandler
                0x00002d40        0x8 ./startup/startup_mk60d10.o
                0x00002d40                CAN0_ORed_Message_buffer_IRQHandler
 .text.CAN0_Bus_Off_IRQHandler
                0x00002d48        0x8 ./startup/startup_mk60d10.o
                0x00002d48                CAN0_Bus_Off_IRQHandler
 .text.CAN0_Error_IRQHandler
                0x00002d50        0x8 ./startup/startup_mk60d10.o
                0x00002d50                CAN0_Error_IRQHandler
 .text.CAN0_Tx_Warning_IRQHandler
                0x00002d58        0x8 ./startup/startup_mk60d10.o
                0x00002d58                CAN0_Tx_Warning_IRQHandler
 .text.CAN0_Rx_Warning_IRQHandler
                0x00002d60        0x8 ./startup/startup_mk60d10.o
                0x00002d60                CAN0_Rx_Warning_IRQHandler
 .text.CAN0_Wake_Up_IRQHandler
                0x00002d68        0x8 ./startup/startup_mk60d10.o
                0x00002d68                CAN0_Wake_Up_IRQHandler
 .text.I2S0_Tx_IRQHandler
                0x00002d70        0x8 ./startup/startup_mk60d10.o
                0x00002d70                I2S0_Tx_IRQHandler
 .text.I2S0_Rx_IRQHandler
                0x00002d78        0x8 ./startup/startup_mk60d10.o
                0x00002d78                I2S0_Rx_IRQHandler
 .text.CAN1_ORed_Message_buffer_IRQHandler
                0x00002d80        0x8 ./startup/startup_mk60d10.o
                0x00002d80                CAN1_ORed_Message_buffer_IRQHandler
 .text.CAN1_Bus_Off_IRQHandler
                0x00002d88        0x8 ./startup/startup_mk60d10.o
                0x00002d88                CAN1_Bus_Off_IRQHandler
 .text.CAN1_Error_IRQHandler
                0x00002d90        0x8 ./startup/startup_mk60d10.o
                0x00002d90                CAN1_Error_IRQHandler
 .text.CAN1_Tx_Warning_IRQHandler
                0x00002d98        0x8 ./startup/startup_mk60d10.o
                0x00002d98                CAN1_Tx_Warning_IRQHandler
 .text.CAN1_Rx_Warning_IRQHandler
                0x00002da0        0x8 ./startup/startup_mk60d10.o
                0x00002da0                CAN1_Rx_Warning_IRQHandler
 .text.CAN1_Wake_Up_IRQHandler
                0x00002da8        0x8 ./startup/startup_mk60d10.o
                0x00002da8                CAN1_Wake_Up_IRQHandler
 .text.Reserved59_IRQHandler
                0x00002db0        0x8 ./startup/startup_mk60d10.o
                0x00002db0                Reserved59_IRQHandler
 .text.UART0_LON_IRQHandler
                0x00002db8        0x8 ./startup/startup_mk60d10.o
                0x00002db8                UART0_LON_IRQHandler
 .text.UART0_RX_TX_IRQHandler
                0x00002dc0        0x8 ./startup/startup_mk60d10.o
                0x00002dc0                UART0_RX_TX_IRQHandler
 .text.UART0_ERR_IRQHandler
                0x00002dc8        0x8 ./startup/startup_mk60d10.o
                0x00002dc8                UART0_ERR_IRQHandler
 .text.UART1_RX_TX_IRQHandler
                0x00002dd0        0x8 ./startup/startup_mk60d10.o
                0x00002dd0                UART1_RX_TX_IRQHandler
 .text.UART1_ERR_IRQHandler
                0x00002dd8        0x8 ./startup/startup_mk60d10.o
                0x00002dd8                UART1_ERR_IRQHandler
 .text.UART2_RX_TX_IRQHandler
                0x00002de0        0x8 ./startup/startup_mk60d10.o
                0x00002de0                UART2_RX_TX_IRQHandler
 .text.UART2_ERR_IRQHandler
                0x00002de8        0x8 ./startup/startup_mk60d10.o
                0x00002de8                UART2_ERR_IRQHandler
 .text.UART3_RX_TX_IRQHandler
                0x00002df0        0x8 ./startup/startup_mk60d10.o
                0x00002df0                UART3_RX_TX_IRQHandler
 .text.UART3_ERR_IRQHandler
                0x00002df8        0x8 ./startup/startup_mk60d10.o
                0x00002df8                UART3_ERR_IRQHandler
 .text.UART4_RX_TX_IRQHandler
                0x00002e00        0x8 ./startup/startup_mk60d10.o
                0x00002e00                UART4_RX_TX_IRQHandler
 .text.UART4_ERR_IRQHandler
                0x00002e08        0x8 ./startup/startup_mk60d10.o
                0x00002e08                UART4_ERR_IRQHandler
 .text.UART5_RX_TX_IRQHandler
                0x00002e10        0x8 ./startup/startup_mk60d10.o
                0x00002e10                UART5_RX_TX_IRQHandler
 .text.UART5_ERR_IRQHandler
                0x00002e18        0x8 ./startup/startup_mk60d10.o
                0x00002e18                UART5_ERR_IRQHandler
 .text.ADC0_IRQHandler
                0x00002e20        0x8 ./startup/startup_mk60d10.o
                0x00002e20                ADC0_IRQHandler
 .text.ADC1_IRQHandler
                0x00002e28        0x8 ./startup/startup_mk60d10.o
                0x00002e28                ADC1_IRQHandler
 .text.CMP0_IRQHandler
                0x00002e30        0x8 ./startup/startup_mk60d10.o
                0x00002e30                CMP0_IRQHandler
 .text.CMP1_IRQHandler
                0x00002e38        0x8 ./startup/startup_mk60d10.o
                0x00002e38                CMP1_IRQHandler
 .text.CMP2_IRQHandler
                0x00002e40        0x8 ./startup/startup_mk60d10.o
                0x00002e40                CMP2_IRQHandler
 .text.FTM0_IRQHandler
                0x00002e48        0x8 ./startup/startup_mk60d10.o
                0x00002e48                FTM0_IRQHandler
 .text.FTM1_IRQHandler
                0x00002e50        0x8 ./startup/startup_mk60d10.o
                0x00002e50                FTM1_IRQHandler
 .text.FTM2_IRQHandler
                0x00002e58        0x8 ./startup/startup_mk60d10.o
                0x00002e58                FTM2_IRQHandler
 .text.CMT_IRQHandler
                0x00002e60        0x8 ./startup/startup_mk60d10.o
                0x00002e60                CMT_IRQHandler
 .text.RTC_IRQHandler
                0x00002e68        0x8 ./startup/startup_mk60d10.o
                0x00002e68                RTC_IRQHandler
 .text.RTC_Seconds_IRQHandler
                0x00002e70        0x8 ./startup/startup_mk60d10.o
                0x00002e70                RTC_Seconds_IRQHandler
 .text.PIT0_IRQHandler
                0x00002e78        0x8 ./startup/startup_mk60d10.o
                0x00002e78                PIT0_IRQHandler
 .text.PIT1_IRQHandler
                0x00002e80        0x8 ./startup/startup_mk60d10.o
                0x00002e80                PIT1_IRQHandler
 .text.PIT2_IRQHandler
                0x00002e88        0x8 ./startup/startup_mk60d10.o
                0x00002e88                PIT2_IRQHandler
 .text.PIT3_IRQHandler
                0x00002e90        0x8 ./startup/startup_mk60d10.o
                0x00002e90                PIT3_IRQHandler
 .text.PDB0_IRQHandler
                0x00002e98        0x8 ./startup/startup_mk60d10.o
                0x00002e98                PDB0_IRQHandler
 .text.USB0_IRQHandler
                0x00002ea0        0x8 ./startup/startup_mk60d10.o
                0x00002ea0                USB0_IRQHandler
 .text.USBDCD_IRQHandler
                0x00002ea8        0x8 ./startup/startup_mk60d10.o
                0x00002ea8                USBDCD_IRQHandler
 .text.ENET_1588_Timer_IRQHandler
                0x00002eb0        0x8 ./startup/startup_mk60d10.o
                0x00002eb0                ENET_1588_Timer_IRQHandler
 .text.ENET_Transmit_IRQHandler
                0x00002eb8        0x8 ./startup/startup_mk60d10.o
                0x00002eb8                ENET_Transmit_IRQHandler
 .text.ENET_Receive_IRQHandler
                0x00002ec0        0x8 ./startup/startup_mk60d10.o
                0x00002ec0                ENET_Receive_IRQHandler
 .text.ENET_Error_IRQHandler
                0x00002ec8        0x8 ./startup/startup_mk60d10.o
                0x00002ec8                ENET_Error_IRQHandler
 .text.Reserved95_IRQHandler
                0x00002ed0        0x8 ./startup/startup_mk60d10.o
                0x00002ed0                Reserved95_IRQHandler
 .text.SDHC_IRQHandler
                0x00002ed8        0x8 ./startup/startup_mk60d10.o
                0x00002ed8                SDHC_IRQHandler
 .text.DAC0_IRQHandler
                0x00002ee0        0x8 ./startup/startup_mk60d10.o
                0x00002ee0                DAC0_IRQHandler
 .text.DAC1_IRQHandler
                0x00002ee8        0x8 ./startup/startup_mk60d10.o
                0x00002ee8                DAC1_IRQHandler
 .text.TSI0_IRQHandler
                0x00002ef0        0x8 ./startup/startup_mk60d10.o
                0x00002ef0                TSI0_IRQHandler
 .text.MCG_IRQHandler
                0x00002ef8        0x8 ./startup/startup_mk60d10.o
                0x00002ef8                MCG_IRQHandler
 .text.LPTMR0_IRQHandler
                0x00002f00        0x8 ./startup/startup_mk60d10.o
                0x00002f00                LPTMR0_IRQHandler
 .text.Reserved102_IRQHandler
                0x00002f08        0x8 ./startup/startup_mk60d10.o
                0x00002f08                Reserved102_IRQHandler
 .text.PORTA_IRQHandler
                0x00002f10        0x8 ./startup/startup_mk60d10.o
                0x00002f10                PORTA_IRQHandler
 .text.PORTB_IRQHandler
                0x00002f18        0x8 ./startup/startup_mk60d10.o
                0x00002f18                PORTB_IRQHandler
 .text.PORTC_IRQHandler
                0x00002f20        0x8 ./startup/startup_mk60d10.o
                0x00002f20                PORTC_IRQHandler
 .text.PORTD_IRQHandler
                0x00002f28        0x8 ./startup/startup_mk60d10.o
                0x00002f28                PORTD_IRQHandler
 .text.PORTE_IRQHandler
                0x00002f30        0x8 ./startup/startup_mk60d10.o
                0x00002f30                PORTE_IRQHandler
 .text.Reserved108_IRQHandler
                0x00002f38        0x8 ./startup/startup_mk60d10.o
                0x00002f38                Reserved108_IRQHandler
 .text.Reserved109_IRQHandler
                0x00002f40        0x8 ./startup/startup_mk60d10.o
                0x00002f40                Reserved109_IRQHandler
 .text.SWI_IRQHandler
                0x00002f48        0x8 ./startup/startup_mk60d10.o
                0x00002f48                SWI_IRQHandler
 .text.reverseBits
                0x00002f50       0x5c ./source/crc.o
                0x00002f50                reverseBits
 .text.computeCRC16Simple
                0x00002fac       0x6e ./source/crc.o
                0x00002fac                computeCRC16Simple
 .text.computeCRC32Simple
                0x0000301a       0x6e ./source/crc.o
                0x0000301a                computeCRC32Simple
 .text.HardFault_Handler
                0x00003088       0x2c ./source/semihost_hardfault.o
                0x00003088                HardFault_Handler
 .text.OSC_SetExtRefClkConfig
                0x000030b4       0x32 ./drivers/fsl_clock.o
 .text.OSC_SetCapLoad
                0x000030e6       0x32 ./drivers/fsl_clock.o
 .text.CLOCK_GetPll0RefFreq
                0x00003118        0xe ./drivers/fsl_clock.o
 .text.CLOCK_EnableClock
                0x00003126       0x32 ./drivers/fsl_crc.o
 .text.CRC_GetTransposeTypeFromReflectIn
                0x00003158       0x20 ./drivers/fsl_crc.o
 .text.CRC_GetTransposeTypeFromReflectOut
                0x00003178       0x20 ./drivers/fsl_crc.o
 .text.CRC_ConfigureAndStart
                0x00003198       0x66 ./drivers/fsl_crc.o
 .text.CRC_SetProtocolConfig
                0x000031fe       0x52 ./drivers/fsl_crc.o
 .text.CRC_SetRawProtocolConfig
                0x00003250       0x46 ./drivers/fsl_crc.o
 .text.CRC_WriteData
                0x00003296       0x7c ./drivers/fsl_crc.o
                0x00003296                CRC_WriteData
 .text.CRC_Get32bitResult
                0x00003312       0x16 ./drivers/fsl_crc.o
                0x00003312                CRC_Get32bitResult
 .text.CRC_Get16bitResult
                0x00003328       0x44 ./drivers/fsl_crc.o
                0x00003328                CRC_Get16bitResult
 .text.CLOCK_EnableClock
                0x0000336c       0x32 ./drivers/fsl_uart.o
 .text.UART_GetStatusFlags
                0x0000339e       0x44 ./drivers/fsl_uart.o
                0x0000339e                UART_GetStatusFlags
 .text.UART_WriteBlocking
                0x000033e2       0x3c ./drivers/fsl_uart.o
                0x000033e2                UART_WriteBlocking
 .text.UART0_RX_TX_DriverIRQHandler
                0x0000341e        0xc ./drivers/fsl_uart.o
                0x0000341e                UART0_RX_TX_DriverIRQHandler
 .text.UART1_RX_TX_DriverIRQHandler
                0x0000342a        0xc ./drivers/fsl_uart.o
                0x0000342a                UART1_RX_TX_DriverIRQHandler
 .text.UART2_RX_TX_DriverIRQHandler
                0x00003436        0xc ./drivers/fsl_uart.o
                0x00003436                UART2_RX_TX_DriverIRQHandler
 .text.UART3_RX_TX_DriverIRQHandler
                0x00003442        0xc ./drivers/fsl_uart.o
                0x00003442                UART3_RX_TX_DriverIRQHandler
 .text.UART4_RX_TX_DriverIRQHandler
                0x0000344e        0xc ./drivers/fsl_uart.o
                0x0000344e                UART4_RX_TX_DriverIRQHandler
 .text.UART5_RX_TX_DriverIRQHandler
                0x0000345a        0xc ./drivers/fsl_uart.o
                0x0000345a                UART5_RX_TX_DriverIRQHandler
 .text.CLOCK_EnableClock
                0x00003466       0x32 ./board/pin_mux.o
 .text.PORT_SetPinMux
                0x00003498       0x38 ./board/pin_mux.o
 .text.__main   0x000034d0        0xe c:/nxp/mcuxpressoide_10.3.0_2200/ide/plugins/com.nxp.mcuxpresso.tools.win32_10.3.0.201811011841/tools/bin/../lib/gcc/arm-none-eabi/7.3.1/../../../../arm-none-eabi/lib/thumb/v7e-m\libcr_nohost_nf.a(_cr__main.o)
                0x000034d0                __main
 .text.__sys_appexit
                0x000034de        0x2 c:/nxp/mcuxpressoide_10.3.0_2200/ide/plugins/com.nxp.mcuxpresso.tools.win32_10.3.0.201811011841/tools/bin/../lib/gcc/arm-none-eabi/7.3.1/../../../../arm-none-eabi/lib/thumb/v7e-m\libcr_nohost_nf.a(__sys_appexit.o)
                0x000034de                __sys_appexit
                0x000034de                __exit
 .text.memcpy   0x000034e0        0x4 c:/nxp/mcuxpressoide_10.3.0_2200/ide/plugins/com.nxp.mcuxpresso.tools.win32_10.3.0.201811011841/tools/bin/../lib/gcc/arm-none-eabi/7.3.1/../../../../arm-none-eabi/lib/thumb/v7e-m\libcr_c.a(memcpy.o)
                0x000034e0                memcpy
 .text.memset   0x000034e4        0x4 c:/nxp/mcuxpressoide_10.3.0_2200/ide/plugins/com.nxp.mcuxpresso.tools.win32_10.3.0.201811011841/tools/bin/../lib/gcc/arm-none-eabi/7.3.1/../../../../arm-none-eabi/lib/thumb/v7e-m\libcr_c.a(memset.o)
                0x000034e4                memset
 .text._Csys_read_
                0x000034e8       0x22 c:/nxp/mcuxpressoide_10.3.0_2200/ide/plugins/com.nxp.mcuxpresso.tools.win32_10.3.0.201811011841/tools/bin/../lib/gcc/arm-none-eabi/7.3.1/../../../../arm-none-eabi/lib/thumb/v7e-m\libcr_c.a(__fillbuf.o)
                0x000034e8                _Csys_read_
 .text._deferredlazyseek
                0x0000350a       0x40 c:/nxp/mcuxpressoide_10.3.0_2200/ide/plugins/com.nxp.mcuxpresso.tools.win32_10.3.0.201811011841/tools/bin/../lib/gcc/arm-none-eabi/7.3.1/../../../../arm-none-eabi/lib/thumb/v7e-m\libcr_c.a(_deferredlazyseek.o)
                0x0000350a                _deferredlazyseek
 .text.__flsbuf
                0x0000354a      0x140 c:/nxp/mcuxpressoide_10.3.0_2200/ide/plugins/com.nxp.mcuxpresso.tools.win32_10.3.0.201811011841/tools/bin/../lib/gcc/arm-none-eabi/7.3.1/../../../../arm-none-eabi/lib/thumb/v7e-m\libcr_c.a(_deferredlazyseek.o)
                0x0000354a                __flsbuf
 .text._fflush  0x0000368a       0x52 c:/nxp/mcuxpressoide_10.3.0_2200/ide/plugins/com.nxp.mcuxpresso.tools.win32_10.3.0.201811011841/tools/bin/../lib/gcc/arm-none-eabi/7.3.1/../../../../arm-none-eabi/lib/thumb/v7e-m\libcr_c.a(_fflush.o)
                0x0000368a                _fflush
 .text.free     0x000036dc       0x30 c:/nxp/mcuxpressoide_10.3.0_2200/ide/plugins/com.nxp.mcuxpresso.tools.win32_10.3.0.201811011841/tools/bin/../lib/gcc/arm-none-eabi/7.3.1/../../../../arm-none-eabi/lib/thumb/v7e-m\libcr_c.a(alloc.o)
                0x000036dc                free
 .text.realloc  0x0000370c       0x24 c:/nxp/mcuxpressoide_10.3.0_2200/ide/plugins/com.nxp.mcuxpresso.tools.win32_10.3.0.201811011841/tools/bin/../lib/gcc/arm-none-eabi/7.3.1/../../../../arm-none-eabi/lib/thumb/v7e-m\libcr_c.a(alloc.o)
                0x0000370c                realloc
 .text.fputs    0x00003730       0x2c c:/nxp/mcuxpressoide_10.3.0_2200/ide/plugins/com.nxp.mcuxpresso.tools.win32_10.3.0.201811011841/tools/bin/../lib/gcc/arm-none-eabi/7.3.1/../../../../arm-none-eabi/lib/thumb/v7e-m\libcr_c.a(fputs.o)
                0x00003730                fputs
 .text.no_fp_display
                0x0000375c        0x4 c:/nxp/mcuxpressoide_10.3.0_2200/ide/plugins/com.nxp.mcuxpresso.tools.win32_10.3.0.201811011841/tools/bin/../lib/gcc/arm-none-eabi/7.3.1/../../../../arm-none-eabi/lib/thumb/v7e-m\libcr_c.a(printf.o)
 .text.strlen   0x00003760       0x4a c:/nxp/mcuxpressoide_10.3.0_2200/ide/plugins/com.nxp.mcuxpresso.tools.win32_10.3.0.201811011841/tools/bin/../lib/gcc/arm-none-eabi/7.3.1/../../../../arm-none-eabi/lib/thumb/v7e-m\libcr_c.a(strlen.o)
                0x00003760                strlen
 .text._fdopen  0x000037aa       0x68 c:/nxp/mcuxpressoide_10.3.0_2200/ide/plugins/com.nxp.mcuxpresso.tools.win32_10.3.0.201811011841/tools/bin/../lib/gcc/arm-none-eabi/7.3.1/../../../../arm-none-eabi/lib/thumb/v7e-m\libcr_c.a(_fdopen.o)
                0x000037aa                _fdopen
 .text.fclose   0x00003812       0x58 c:/nxp/mcuxpressoide_10.3.0_2200/ide/plugins/com.nxp.mcuxpresso.tools.win32_10.3.0.201811011841/tools/bin/../lib/gcc/arm-none-eabi/7.3.1/../../../../arm-none-eabi/lib/thumb/v7e-m\libcr_c.a(fclose.o)
                0x00003812                fclose
 .text.remove   0x0000386a       0x14 c:/nxp/mcuxpressoide_10.3.0_2200/ide/plugins/com.nxp.mcuxpresso.tools.win32_10.3.0.201811011841/tools/bin/../lib/gcc/arm-none-eabi/7.3.1/../../../../arm-none-eabi/lib/thumb/v7e-m\libcr_c.a(remove.o)
                0x0000386a                remove
 .text._do_fflush
                0x0000387e       0x40 c:/nxp/mcuxpressoide_10.3.0_2200/ide/plugins/com.nxp.mcuxpresso.tools.win32_10.3.0.201811011841/tools/bin/../lib/gcc/arm-none-eabi/7.3.1/../../../../arm-none-eabi/lib/thumb/v7e-m\libcr_c.a(_do_fflush.o)
                0x0000387e                _do_fflush
 .text.__aeabi_memcpy
                0x000038be       0x34 c:/nxp/mcuxpressoide_10.3.0_2200/ide/plugins/com.nxp.mcuxpresso.tools.win32_10.3.0.201811011841/tools/bin/../lib/gcc/arm-none-eabi/7.3.1/thumb/v7e-m\libcr_eabihelpers.a(memcpy.o)
                0x000038be                __aeabi_memcpy
                0x000038c8                __aeabi_memcpy8
                0x000038c8                __aeabi_memcpy4
 .text.__aeabi_memset_lowlevel
                0x000038f2       0x32 c:/nxp/mcuxpressoide_10.3.0_2200/ide/plugins/com.nxp.mcuxpresso.tools.win32_10.3.0.201811011841/tools/bin/../lib/gcc/arm-none-eabi/7.3.1/thumb/v7e-m\libcr_eabihelpers.a(memcpy.o)
                0x000038f2                __aeabi_lowlevel_memset
 .text.__sys_close
                0x00003924        0x6 c:/nxp/mcuxpressoide_10.3.0_2200/ide/plugins/com.nxp.mcuxpresso.tools.win32_10.3.0.201811011841/tools/bin/../lib/gcc/arm-none-eabi/7.3.1/../../../../arm-none-eabi/lib/thumb/v7e-m\libcr_nohost_nf.a(__sys_close.o)
                0x00003924                __sys_close
 .text.__sys_flen
                0x0000392a        0x6 c:/nxp/mcuxpressoide_10.3.0_2200/ide/plugins/com.nxp.mcuxpresso.tools.win32_10.3.0.201811011841/tools/bin/../lib/gcc/arm-none-eabi/7.3.1/../../../../arm-none-eabi/lib/thumb/v7e-m\libcr_nohost_nf.a(__sys_flen.o)
                0x0000392a                __sys_flen
 .text.__sys_istty
                0x00003930        0x6 c:/nxp/mcuxpressoide_10.3.0_2200/ide/plugins/com.nxp.mcuxpresso.tools.win32_10.3.0.201811011841/tools/bin/../lib/gcc/arm-none-eabi/7.3.1/../../../../arm-none-eabi/lib/thumb/v7e-m\libcr_nohost_nf.a(__sys_istty.o)
                0x00003930                __sys_istty
 .text.__sys_read
                0x00003936        0x4 c:/nxp/mcuxpressoide_10.3.0_2200/ide/plugins/com.nxp.mcuxpresso.tools.win32_10.3.0.201811011841/tools/bin/../lib/gcc/arm-none-eabi/7.3.1/../../../../arm-none-eabi/lib/thumb/v7e-m\libcr_nohost_nf.a(__sys_read.o)
                0x00003936                __sys_read
 .text.__sys_remove
                0x0000393a        0x6 c:/nxp/mcuxpressoide_10.3.0_2200/ide/plugins/com.nxp.mcuxpresso.tools.win32_10.3.0.201811011841/tools/bin/../lib/gcc/arm-none-eabi/7.3.1/../../../../arm-none-eabi/lib/thumb/v7e-m\libcr_nohost_nf.a(__sys_remove.o)
                0x0000393a                __sys_remove
 .text.__sys_seek
                0x00003940        0x6 c:/nxp/mcuxpressoide_10.3.0_2200/ide/plugins/com.nxp.mcuxpresso.tools.win32_10.3.0.201811011841/tools/bin/../lib/gcc/arm-none-eabi/7.3.1/../../../../arm-none-eabi/lib/thumb/v7e-m\libcr_nohost_nf.a(__sys_seek.o)
                0x00003940                __sys_seek
 .text.__sys_tmpnam
                0x00003946        0x6 c:/nxp/mcuxpressoide_10.3.0_2200/ide/plugins/com.nxp.mcuxpresso.tools.win32_10.3.0.201811011841/tools/bin/../lib/gcc/arm-none-eabi/7.3.1/../../../../arm-none-eabi/lib/thumb/v7e-m\libcr_nohost_nf.a(__sys_tmpnam.o)
                0x00003946                __sys_tmpnam
 *(SORT_BY_ALIGNMENT(.rodata) SORT_BY_ALIGNMENT(.rodata.*) SORT_BY_ALIGNMENT(.constdata) SORT_BY_ALIGNMENT(.constdata.*))
 .rodata        0x0000394c      0x2a6 ./source/main.o
 *fill*         0x00003bf2        0x2 ff
 .rodata        0x00003bf4      0x149 ./drivers/fsl_clock.o
 *fill*         0x00003d3d        0x3 ff
 .rodata.fllFactorTable.6359
                0x00003d40       0x10 ./drivers/fsl_clock.o
 .rodata.s_uartBases
                0x00003d50       0x18 ./drivers/fsl_uart.o
 .rodata.s_uartClock
                0x00003d68       0x18 ./drivers/fsl_uart.o
 .rodata        0x00003d80      0x513 ./drivers/fsl_uart.o
 *fill*         0x00004293        0x1 ff
 .rodata.mcgConfig_BOARD_BootClockRUN
                0x00004294        0xb ./board/clock_config.o
                0x00004294                mcgConfig_BOARD_BootClockRUN
 *fill*         0x0000429f        0x1 ff
 .rodata.simConfig_BOARD_BootClockRUN
                0x000042a0        0x8 ./board/clock_config.o
                0x000042a0                simConfig_BOARD_BootClockRUN
 .rodata.oscConfig_BOARD_BootClockRUN
                0x000042a8        0x8 ./board/clock_config.o
                0x000042a8                oscConfig_BOARD_BootClockRUN
 .rodata.__num_Ciob_streams
                0x000042b0        0x4 c:/nxp/mcuxpressoide_10.3.0_2200/ide/plugins/com.nxp.mcuxpresso.tools.win32_10.3.0.201811011841/tools/bin/../lib/gcc/arm-none-eabi/7.3.1/../../../../arm-none-eabi/lib/thumb/v7e-m\libcr_nohost_nf.a(__ciob.o)
                0x000042b0                __num_Ciob_streams
 .rodata.__assertion_failed.str1.1
                0x000042b4       0x15 c:/nxp/mcuxpressoide_10.3.0_2200/ide/plugins/com.nxp.mcuxpresso.tools.win32_10.3.0.201811011841/tools/bin/../lib/gcc/arm-none-eabi/7.3.1/../../../../arm-none-eabi/lib/thumb/v7e-m\libcr_nohost_nf.a(_cr_assert.o)
 .rodata._Csys_alloc.str1.1
                0x000042c9       0x18 c:/nxp/mcuxpressoide_10.3.0_2200/ide/plugins/com.nxp.mcuxpresso.tools.win32_10.3.0.201811011841/tools/bin/../lib/gcc/arm-none-eabi/7.3.1/../../../../arm-none-eabi/lib/thumb/v7e-m\libcr_c.a(alloc.o)
 .rodata._initio.str1.1
                0x000042e1        0x4 c:/nxp/mcuxpressoide_10.3.0_2200/ide/plugins/com.nxp.mcuxpresso.tools.win32_10.3.0.201811011841/tools/bin/../lib/gcc/arm-none-eabi/7.3.1/../../../../arm-none-eabi/lib/thumb/v7e-m\libcr_c.a(initio.o)
 .rodata.__vfprintf.str1.1
                0x000042e5       0x35 c:/nxp/mcuxpressoide_10.3.0_2200/ide/plugins/com.nxp.mcuxpresso.tools.win32_10.3.0.201811011841/tools/bin/../lib/gcc/arm-none-eabi/7.3.1/../../../../arm-none-eabi/lib/thumb/v7e-m\libcr_c.a(printf.o)
                                 0x38 (size before relaxing)
 .rodata.__ctype
                0x0000431a      0x180 c:/nxp/mcuxpressoide_10.3.0_2200/ide/plugins/com.nxp.mcuxpresso.tools.win32_10.3.0.201811011841/tools/bin/../lib/gcc/arm-none-eabi/7.3.1/../../../../arm-none-eabi/lib/thumb/v7e-m\libcr_c.a(ctype.o)
                0x0000431a                __ctype
                0x0000449c                . = ALIGN (0x4)
 *fill*         0x0000449a        0x2 ff

.glue_7         0x0000449c        0x0
 .glue_7        0x0000449c        0x0 linker stubs

.glue_7t        0x0000449c        0x0
 .glue_7t       0x0000449c        0x0 linker stubs

.vfp11_veneer   0x0000449c        0x0
 .vfp11_veneer  0x0000449c        0x0 linker stubs

.v4_bx          0x0000449c        0x0
 .v4_bx         0x0000449c        0x0 linker stubs

.iplt           0x0000449c        0x0
 .iplt          0x0000449c        0x0 ./utilities/fsl_debug_console.o

.rel.dyn        0x0000449c        0x0
 .rel.iplt      0x0000449c        0x0 ./utilities/fsl_debug_console.o

.ARM.extab
 *(SORT_BY_ALIGNMENT(.ARM.extab*) SORT_BY_ALIGNMENT(.gnu.linkonce.armextab.*))
                0x0000449c                __exidx_start = .

.ARM.exidx
 *(SORT_BY_ALIGNMENT(.ARM.exidx*) SORT_BY_ALIGNMENT(.gnu.linkonce.armexidx.*))
                0x0000449c                __exidx_end = .
                0x0000449c                _etext = .

.m_usb_data
 *(SORT_BY_ALIGNMENT(m_usb_bdt))

.data_RAM2      0x1fff0000        0x0 load address 0x0000449c
 FILL mask 0xff
                [!provide]                PROVIDE (__start_data_RAM2 = .)
 *(SORT_BY_ALIGNMENT(.ramfunc.$RAM2))
 *(SORT_BY_ALIGNMENT(.ramfunc.$SRAM_LOWER))
 *(SORT_BY_ALIGNMENT(.data.$RAM2*))
 *(SORT_BY_ALIGNMENT(.data.$SRAM_LOWER*))
                0x1fff0000                . = ALIGN (0x4)
                [!provide]                PROVIDE (__end_data_RAM2 = .)

.data_RAM3      0x14000000        0x0 load address 0x0000449c
 FILL mask 0xff
                [!provide]                PROVIDE (__start_data_RAM3 = .)
 *(SORT_BY_ALIGNMENT(.ramfunc.$RAM3))
 *(SORT_BY_ALIGNMENT(.ramfunc.$FLEX_RAM))
 *(SORT_BY_ALIGNMENT(.data.$RAM3*))
 *(SORT_BY_ALIGNMENT(.data.$FLEX_RAM*))
                0x14000000                . = ALIGN (0x4)
                [!provide]                PROVIDE (__end_data_RAM3 = .)

.uninit_RESERVED
                0x20000000        0x0
 *(SORT_BY_ALIGNMENT(.bss.$RESERVED*))
                0x20000000                . = ALIGN (0x4)
                0x20000000                _end_uninit_RESERVED = .

.data           0x20000000        0xc load address 0x0000449c
 FILL mask 0xff
                0x20000000                _data = .
 *(SORT_BY_ALIGNMENT(vtable))
 *(SORT_BY_ALIGNMENT(.ramfunc*))
 *(SORT_BY_ALIGNMENT(.data*))
 .data.s_slowIrcFreq
                0x20000000        0x4 ./drivers/fsl_clock.o
 .data.s_fastIrcFreq
                0x20000004        0x4 ./drivers/fsl_clock.o
 .data.SystemCoreClock
                0x20000008        0x4 ./CMSIS/system_MK60D10.o
                0x20000008                SystemCoreClock
                0x2000000c                . = ALIGN (0x4)
                0x2000000c                _edata = .

.igot.plt       0x2000000c        0x0 load address 0x000044a8
 .igot.plt      0x2000000c        0x0 ./utilities/fsl_debug_console.o

.bss_RAM2       0x1fff0000        0x0
                [!provide]                PROVIDE (__start_bss_RAM2 = .)
 *(SORT_BY_ALIGNMENT(.bss.$RAM2*))
 *(SORT_BY_ALIGNMENT(.bss.$SRAM_LOWER*))
                0x1fff0000                . = ALIGN ((. != 0x0)?0x4:0x1)
                [!provide]                PROVIDE (__end_bss_RAM2 = .)

.bss_RAM3       0x14000000        0x0
                [!provide]                PROVIDE (__start_bss_RAM3 = .)
 *(SORT_BY_ALIGNMENT(.bss.$RAM3*))
 *(SORT_BY_ALIGNMENT(.bss.$FLEX_RAM*))
                0x14000000                . = ALIGN ((. != 0x0)?0x4:0x1)
                [!provide]                PROVIDE (__end_bss_RAM3 = .)

.bss            0x2000000c      0x6f4
                0x2000000c                _bss = .
 *(SORT_BY_ALIGNMENT(.bss*))
 .bss.s_debugConsole
                0x2000000c       0x10 ./utilities/fsl_debug_console.o
 .bss.crcTable16
                0x2000001c      0x200 ./source/main.o
                0x2000001c                crcTable16
 .bss.crcTable32
                0x2000021c      0x400 ./source/main.o
                0x2000021c                crcTable32
 .bss.g_xtal0Freq
                0x2000061c        0x4 ./drivers/fsl_clock.o
                0x2000061c                g_xtal0Freq
 .bss.g_xtal32Freq
                0x20000620        0x4 ./drivers/fsl_clock.o
                0x20000620                g_xtal32Freq
 .bss.s_uartHandle
                0x20000624       0x18 ./drivers/fsl_uart.o
 .bss.s_uartIsr
                0x2000063c        0x4 ./drivers/fsl_uart.o
 .bss.__Ciob    0x20000640       0xb4 c:/nxp/mcuxpressoide_10.3.0_2200/ide/plugins/com.nxp.mcuxpresso.tools.win32_10.3.0.201811011841/tools/bin/../lib/gcc/arm-none-eabi/7.3.1/../../../../arm-none-eabi/lib/thumb/v7e-m\libcr_nohost_nf.a(__ciob.o)
                0x20000640                __Ciob
 .bss.__end_of_heap
                0x200006f4        0x4 c:/nxp/mcuxpressoide_10.3.0_2200/ide/plugins/com.nxp.mcuxpresso.tools.win32_10.3.0.201811011841/tools/bin/../lib/gcc/arm-none-eabi/7.3.1/../../../../arm-none-eabi/lib/thumb/v7e-m\libcr_c.a(__init_alloc.o)
                0x200006f4                __end_of_heap
 .bss.__heaps   0x200006f8        0x4 c:/nxp/mcuxpressoide_10.3.0_2200/ide/plugins/com.nxp.mcuxpresso.tools.win32_10.3.0.201811011841/tools/bin/../lib/gcc/arm-none-eabi/7.3.1/../../../../arm-none-eabi/lib/thumb/v7e-m\libcr_c.a(__init_alloc.o)
                0x200006f8                __heaps
 .bss.errno     0x200006fc        0x4 c:/nxp/mcuxpressoide_10.3.0_2200/ide/plugins/com.nxp.mcuxpresso.tools.win32_10.3.0.201811011841/tools/bin/../lib/gcc/arm-none-eabi/7.3.1/../../../../arm-none-eabi/lib/thumb/v7e-m\libcr_c.a(errno.o)
                0x200006fc                errno
 *(SORT_BY_ALIGNMENT(COMMON))
                0x20000700                . = ALIGN (0x4)
                0x20000700                _ebss = .
                [!provide]                PROVIDE (end = .)

.noinit_RAM2    0x1fff0000        0x0
 *(SORT_BY_ALIGNMENT(.noinit.$RAM2*))
 *(SORT_BY_ALIGNMENT(.noinit.$SRAM_LOWER*))
                0x1fff0000                . = ALIGN (0x4)

.noinit_RAM3    0x14000000        0x0
 *(SORT_BY_ALIGNMENT(.noinit.$RAM3*))
 *(SORT_BY_ALIGNMENT(.noinit.$FLEX_RAM*))
                0x14000000                . = ALIGN (0x4)

.noinit         0x20000700        0x0
                0x20000700                _noinit = .
 *(SORT_BY_ALIGNMENT(.noinit*))
                0x20000700                . = ALIGN (0x4)
                0x20000700                _end_noinit = .
                0x00001000                _HeapSize = 0x1000

.heap           0x20000700     0x1000
                0x20000700                _pvHeapStart = .
                0x20001700                . = (. + _HeapSize)
 *fill*         0x20000700     0x1000 
                0x20001700                . = ALIGN (0x4)
                0x20001700                _pvHeapLimit = .
                0x00001000                _StackSize = 0x1000

.heap2stackfill
                0x20001700     0x1000
                0x20002700                . = (. + _StackSize)
 *fill*         0x20001700     0x1000 

.stack          0x2000f000        0x0
                0x2000f000                _vStackBase = .
                0x2000f000                . = ALIGN (0x4)
                0x20010000                _vStackTop = (. + _StackSize)
                0x00000000                _image_start = LOADADDR (.text)
                0x000044a8                _image_end = (LOADADDR (.data) + SIZEOF (.data))
                0x000044a8                _image_size = (_image_end - _image_start)
OUTPUT(twrk60d100m_demo_apps_hello_world.axf elf32-littlearm)

.debug_info     0x00000000     0x7bc7
 .debug_info    0x00000000      0x9d3 ./utilities/fsl_debug_console.o
 .debug_info    0x000009d3      0x94e ./startup/startup_mk60d10.o
 .debug_info    0x00001321      0x7c2 ./source/crc.o
 .debug_info    0x00001ae3      0x871 ./source/main.o
 .debug_info    0x00002354       0x37 ./source/semihost_hardfault.o
 .debug_info    0x0000238b     0x1ac7 ./drivers/fsl_clock.o
 .debug_info    0x00003e52      0x88f ./drivers/fsl_crc.o
 .debug_info    0x000046e1     0x1955 ./drivers/fsl_uart.o
 .debug_info    0x00006036      0x7ed ./board/board.o
 .debug_info    0x00006823      0xa65 ./board/clock_config.o
 .debug_info    0x00007288      0x4a0 ./board/pin_mux.o
 .debug_info    0x00007728      0x49f ./CMSIS/system_MK60D10.o

.debug_abbrev   0x00000000     0x1580
 .debug_abbrev  0x00000000      0x217 ./utilities/fsl_debug_console.o
 .debug_abbrev  0x00000217      0x159 ./startup/startup_mk60d10.o
 .debug_abbrev  0x00000370      0x1e5 ./source/crc.o
 .debug_abbrev  0x00000555      0x1be ./source/main.o
 .debug_abbrev  0x00000713       0x2c ./source/semihost_hardfault.o
 .debug_abbrev  0x0000073f      0x31d ./drivers/fsl_clock.o
 .debug_abbrev  0x00000a5c      0x229 ./drivers/fsl_crc.o
 .debug_abbrev  0x00000c85      0x30e ./drivers/fsl_uart.o
 .debug_abbrev  0x00000f93      0x159 ./board/board.o
 .debug_abbrev  0x000010ec      0x1f1 ./board/clock_config.o
 .debug_abbrev  0x000012dd      0x16a ./board/pin_mux.o
 .debug_abbrev  0x00001447      0x139 ./CMSIS/system_MK60D10.o

.debug_aranges  0x00000000      0x918
 .debug_aranges
                0x00000000       0x48 ./utilities/fsl_debug_console.o
 .debug_aranges
                0x00000048      0x378 ./startup/startup_mk60d10.o
 .debug_aranges
                0x000003c0       0x60 ./source/crc.o
 .debug_aranges
                0x00000420       0x48 ./source/main.o
 .debug_aranges
                0x00000468       0x20 ./source/semihost_hardfault.o
 .debug_aranges
                0x00000488      0x1e8 ./drivers/fsl_clock.o
 .debug_aranges
                0x00000670       0x70 ./drivers/fsl_crc.o
 .debug_aranges
                0x000006e0      0x170 ./drivers/fsl_uart.o
 .debug_aranges
                0x00000850       0x20 ./board/board.o
 .debug_aranges
                0x00000870       0x50 ./board/clock_config.o
 .debug_aranges
                0x000008c0       0x30 ./board/pin_mux.o
 .debug_aranges
                0x000008f0       0x28 ./CMSIS/system_MK60D10.o

.debug_ranges   0x00000000      0x858
 .debug_ranges  0x00000000       0x38 ./utilities/fsl_debug_console.o
 .debug_ranges  0x00000038      0x368 ./startup/startup_mk60d10.o
 .debug_ranges  0x000003a0       0x50 ./source/crc.o
 .debug_ranges  0x000003f0       0x38 ./source/main.o
 .debug_ranges  0x00000428       0x10 ./source/semihost_hardfault.o
 .debug_ranges  0x00000438      0x1d8 ./drivers/fsl_clock.o
 .debug_ranges  0x00000610       0x60 ./drivers/fsl_crc.o
 .debug_ranges  0x00000670      0x160 ./drivers/fsl_uart.o
 .debug_ranges  0x000007d0       0x10 ./board/board.o
 .debug_ranges  0x000007e0       0x40 ./board/clock_config.o
 .debug_ranges  0x00000820       0x20 ./board/pin_mux.o
 .debug_ranges  0x00000840       0x18 ./CMSIS/system_MK60D10.o

.debug_line     0x00000000     0x2d74
 .debug_line    0x00000000      0x27f ./utilities/fsl_debug_console.o
 .debug_line    0x0000027f      0x776 ./startup/startup_mk60d10.o
 .debug_line    0x000009f5      0x324 ./source/crc.o
 .debug_line    0x00000d19      0x2cb ./source/main.o
 .debug_line    0x00000fe4       0x54 ./source/semihost_hardfault.o
 .debug_line    0x00001038      0x9b4 ./drivers/fsl_clock.o
 .debug_line    0x000019ec      0x2c7 ./drivers/fsl_crc.o
 .debug_line    0x00001cb3      0x8de ./drivers/fsl_uart.o
 .debug_line    0x00002591      0x1bf ./board/board.o
 .debug_line    0x00002750      0x262 ./board/clock_config.o
 .debug_line    0x000029b2      0x1dd ./board/pin_mux.o
 .debug_line    0x00002b8f      0x1e5 ./CMSIS/system_MK60D10.o

.debug_str      0x00000000     0x41ee
 .debug_str     0x00000000      0xa95 ./utilities/fsl_debug_console.o
                                0xb10 (size before relaxing)
 .debug_str     0x00000a95      0x8d8 ./startup/startup_mk60d10.o
                                0xa24 (size before relaxing)
 .debug_str     0x0000136d      0x27b ./source/crc.o
                                0x592 (size before relaxing)
 .debug_str     0x000015e8      0x403 ./source/main.o
                                0xb95 (size before relaxing)
 .debug_str     0x000019eb       0x1f ./source/semihost_hardfault.o
                                0x15b (size before relaxing)
 .debug_str     0x00001a0a      0xf65 ./drivers/fsl_clock.o
                               0x19e5 (size before relaxing)
 .debug_str     0x0000296f      0x1fc ./drivers/fsl_crc.o
                                0x8a8 (size before relaxing)
 .debug_str     0x00002b6b     0x1219 ./drivers/fsl_uart.o
                               0x1e15 (size before relaxing)
 .debug_str     0x00003d84       0x37 ./board/board.o
                                0x771 (size before relaxing)
 .debug_str     0x00003dbb      0x222 ./board/clock_config.o
                                0xdd8 (size before relaxing)
 .debug_str     0x00003fdd      0x164 ./board/pin_mux.o
                                0x66b (size before relaxing)
 .debug_str     0x00004141       0xad ./CMSIS/system_MK60D10.o
                                0x397 (size before relaxing)

.comment        0x00000000       0x7f
 .comment       0x00000000       0x7f ./utilities/fsl_debug_console.o
                                 0x80 (size before relaxing)
 .comment       0x0000007f       0x80 ./startup/startup_mk60d10.o
 .comment       0x0000007f       0x80 ./source/crc.o
 .comment       0x0000007f       0x80 ./source/main.o
 .comment       0x0000007f       0x80 ./source/semihost_hardfault.o
 .comment       0x0000007f       0x80 ./drivers/fsl_clock.o
 .comment       0x0000007f       0x80 ./drivers/fsl_crc.o
 .comment       0x0000007f       0x80 ./drivers/fsl_uart.o
 .comment       0x0000007f       0x80 ./board/board.o
 .comment       0x0000007f       0x80 ./board/clock_config.o
 .comment       0x0000007f       0x80 ./board/pin_mux.o
 .comment       0x0000007f       0x80 ./CMSIS/system_MK60D10.o
 .comment       0x0000007f       0x80 c:/nxp/mcuxpressoide_10.3.0_2200/ide/plugins/com.nxp.mcuxpresso.tools.win32_10.3.0.201811011841/tools/bin/../lib/gcc/arm-none-eabi/7.3.1/../../../../arm-none-eabi/lib/thumb/v7e-m\libcr_nohost_nf.a(__ciob.o)
 .comment       0x0000007f       0x80 c:/nxp/mcuxpressoide_10.3.0_2200/ide/plugins/com.nxp.mcuxpresso.tools.win32_10.3.0.201811011841/tools/bin/../lib/gcc/arm-none-eabi/7.3.1/../../../../arm-none-eabi/lib/thumb/v7e-m\libcr_nohost_nf.a(_cr__main.o)
 .comment       0x0000007f       0x80 c:/nxp/mcuxpressoide_10.3.0_2200/ide/plugins/com.nxp.mcuxpresso.tools.win32_10.3.0.201811011841/tools/bin/../lib/gcc/arm-none-eabi/7.3.1/../../../../arm-none-eabi/lib/thumb/v7e-m\libcr_nohost_nf.a(_cr_assert.o)
 .comment       0x0000007f       0x80 c:/nxp/mcuxpressoide_10.3.0_2200/ide/plugins/com.nxp.mcuxpresso.tools.win32_10.3.0.201811011841/tools/bin/../lib/gcc/arm-none-eabi/7.3.1/../../../../arm-none-eabi/lib/thumb/v7e-m\libcr_nohost_nf.a(__sys_appexit.o)
 .comment       0x0000007f       0x80 c:/nxp/mcuxpressoide_10.3.0_2200/ide/plugins/com.nxp.mcuxpresso.tools.win32_10.3.0.201811011841/tools/bin/../lib/gcc/arm-none-eabi/7.3.1/../../../../arm-none-eabi/lib/thumb/v7e-m\libcr_c.a(memcpy.o)
 .comment       0x0000007f       0x80 c:/nxp/mcuxpressoide_10.3.0_2200/ide/plugins/com.nxp.mcuxpresso.tools.win32_10.3.0.201811011841/tools/bin/../lib/gcc/arm-none-eabi/7.3.1/../../../../arm-none-eabi/lib/thumb/v7e-m\libcr_c.a(memset.o)
 .comment       0x0000007f       0x80 c:/nxp/mcuxpressoide_10.3.0_2200/ide/plugins/com.nxp.mcuxpresso.tools.win32_10.3.0.201811011841/tools/bin/../lib/gcc/arm-none-eabi/7.3.1/../../../../arm-none-eabi/lib/thumb/v7e-m\libcr_c.a(__fillbuf.o)
 .comment       0x0000007f       0x80 c:/nxp/mcuxpressoide_10.3.0_2200/ide/plugins/com.nxp.mcuxpresso.tools.win32_10.3.0.201811011841/tools/bin/../lib/gcc/arm-none-eabi/7.3.1/../../../../arm-none-eabi/lib/thumb/v7e-m\libcr_c.a(_deferredlazyseek.o)
 .comment       0x0000007f       0x80 c:/nxp/mcuxpressoide_10.3.0_2200/ide/plugins/com.nxp.mcuxpresso.tools.win32_10.3.0.201811011841/tools/bin/../lib/gcc/arm-none-eabi/7.3.1/../../../../arm-none-eabi/lib/thumb/v7e-m\libcr_c.a(_fflush.o)
 .comment       0x0000007f       0x80 c:/nxp/mcuxpressoide_10.3.0_2200/ide/plugins/com.nxp.mcuxpresso.tools.win32_10.3.0.201811011841/tools/bin/../lib/gcc/arm-none-eabi/7.3.1/../../../../arm-none-eabi/lib/thumb/v7e-m\libcr_c.a(_writebuf.o)
 .comment       0x0000007f       0x80 c:/nxp/mcuxpressoide_10.3.0_2200/ide/plugins/com.nxp.mcuxpresso.tools.win32_10.3.0.201811011841/tools/bin/../lib/gcc/arm-none-eabi/7.3.1/../../../../arm-none-eabi/lib/thumb/v7e-m\libcr_c.a(alloc.o)
 .comment       0x0000007f       0x80 c:/nxp/mcuxpressoide_10.3.0_2200/ide/plugins/com.nxp.mcuxpresso.tools.win32_10.3.0.201811011841/tools/bin/../lib/gcc/arm-none-eabi/7.3.1/../../../../arm-none-eabi/lib/thumb/v7e-m\libcr_c.a(fputs.o)
 .comment       0x0000007f       0x80 c:/nxp/mcuxpressoide_10.3.0_2200/ide/plugins/com.nxp.mcuxpresso.tools.win32_10.3.0.201811011841/tools/bin/../lib/gcc/arm-none-eabi/7.3.1/../../../../arm-none-eabi/lib/thumb/v7e-m\libcr_c.a(fseek.o)
 .comment       0x0000007f       0x80 c:/nxp/mcuxpressoide_10.3.0_2200/ide/plugins/com.nxp.mcuxpresso.tools.win32_10.3.0.201811011841/tools/bin/../lib/gcc/arm-none-eabi/7.3.1/../../../../arm-none-eabi/lib/thumb/v7e-m\libcr_c.a(ftell.o)
 .comment       0x0000007f       0x80 c:/nxp/mcuxpressoide_10.3.0_2200/ide/plugins/com.nxp.mcuxpresso.tools.win32_10.3.0.201811011841/tools/bin/../lib/gcc/arm-none-eabi/7.3.1/../../../../arm-none-eabi/lib/thumb/v7e-m\libcr_c.a(initio.o)
 .comment       0x0000007f       0x80 c:/nxp/mcuxpressoide_10.3.0_2200/ide/plugins/com.nxp.mcuxpresso.tools.win32_10.3.0.201811011841/tools/bin/../lib/gcc/arm-none-eabi/7.3.1/../../../../arm-none-eabi/lib/thumb/v7e-m\libcr_c.a(printf.o)
 .comment       0x0000007f       0x80 c:/nxp/mcuxpressoide_10.3.0_2200/ide/plugins/com.nxp.mcuxpresso.tools.win32_10.3.0.201811011841/tools/bin/../lib/gcc/arm-none-eabi/7.3.1/../../../../arm-none-eabi/lib/thumb/v7e-m\libcr_c.a(scanf.o)
 .comment       0x0000007f       0x80 c:/nxp/mcuxpressoide_10.3.0_2200/ide/plugins/com.nxp.mcuxpresso.tools.win32_10.3.0.201811011841/tools/bin/../lib/gcc/arm-none-eabi/7.3.1/../../../../arm-none-eabi/lib/thumb/v7e-m\libcr_c.a(setvbuf.o)
 .comment       0x0000007f       0x80 c:/nxp/mcuxpressoide_10.3.0_2200/ide/plugins/com.nxp.mcuxpresso.tools.win32_10.3.0.201811011841/tools/bin/../lib/gcc/arm-none-eabi/7.3.1/../../../../arm-none-eabi/lib/thumb/v7e-m\libcr_c.a(strlen.o)
 .comment       0x0000007f       0x80 c:/nxp/mcuxpressoide_10.3.0_2200/ide/plugins/com.nxp.mcuxpresso.tools.win32_10.3.0.201811011841/tools/bin/../lib/gcc/arm-none-eabi/7.3.1/../../../../arm-none-eabi/lib/thumb/v7e-m\libcr_c.a(__init_alloc.o)
 .comment       0x0000007f       0x80 c:/nxp/mcuxpressoide_10.3.0_2200/ide/plugins/com.nxp.mcuxpresso.tools.win32_10.3.0.201811011841/tools/bin/../lib/gcc/arm-none-eabi/7.3.1/../../../../arm-none-eabi/lib/thumb/v7e-m\libcr_c.a(_cr_sbrk.o)
 .comment       0x0000007f       0x80 c:/nxp/mcuxpressoide_10.3.0_2200/ide/plugins/com.nxp.mcuxpresso.tools.win32_10.3.0.201811011841/tools/bin/../lib/gcc/arm-none-eabi/7.3.1/../../../../arm-none-eabi/lib/thumb/v7e-m\libcr_c.a(_fdopen.o)
 .comment       0x0000007f       0x80 c:/nxp/mcuxpressoide_10.3.0_2200/ide/plugins/com.nxp.mcuxpresso.tools.win32_10.3.0.201811011841/tools/bin/../lib/gcc/arm-none-eabi/7.3.1/../../../../arm-none-eabi/lib/thumb/v7e-m\libcr_c.a(ctype.o)
 .comment       0x0000007f       0x80 c:/nxp/mcuxpressoide_10.3.0_2200/ide/plugins/com.nxp.mcuxpresso.tools.win32_10.3.0.201811011841/tools/bin/../lib/gcc/arm-none-eabi/7.3.1/../../../../arm-none-eabi/lib/thumb/v7e-m\libcr_c.a(errno.o)
 .comment       0x0000007f       0x80 c:/nxp/mcuxpressoide_10.3.0_2200/ide/plugins/com.nxp.mcuxpresso.tools.win32_10.3.0.201811011841/tools/bin/../lib/gcc/arm-none-eabi/7.3.1/../../../../arm-none-eabi/lib/thumb/v7e-m\libcr_c.a(fclose.o)
 .comment       0x0000007f       0x80 c:/nxp/mcuxpressoide_10.3.0_2200/ide/plugins/com.nxp.mcuxpresso.tools.win32_10.3.0.201811011841/tools/bin/../lib/gcc/arm-none-eabi/7.3.1/../../../../arm-none-eabi/lib/thumb/v7e-m\libcr_c.a(fflush.o)
 .comment       0x0000007f       0x80 c:/nxp/mcuxpressoide_10.3.0_2200/ide/plugins/com.nxp.mcuxpresso.tools.win32_10.3.0.201811011841/tools/bin/../lib/gcc/arm-none-eabi/7.3.1/../../../../arm-none-eabi/lib/thumb/v7e-m\libcr_c.a(remove.o)
 .comment       0x0000007f       0x80 c:/nxp/mcuxpressoide_10.3.0_2200/ide/plugins/com.nxp.mcuxpresso.tools.win32_10.3.0.201811011841/tools/bin/../lib/gcc/arm-none-eabi/7.3.1/../../../../arm-none-eabi/lib/thumb/v7e-m\libcr_c.a(_cr_check_heap.o)
 .comment       0x0000007f       0x80 c:/nxp/mcuxpressoide_10.3.0_2200/ide/plugins/com.nxp.mcuxpresso.tools.win32_10.3.0.201811011841/tools/bin/../lib/gcc/arm-none-eabi/7.3.1/../../../../arm-none-eabi/lib/thumb/v7e-m\libcr_c.a(_do_fflush.o)
 .comment       0x0000007f       0x80 c:/nxp/mcuxpressoide_10.3.0_2200/ide/plugins/com.nxp.mcuxpresso.tools.win32_10.3.0.201811011841/tools/bin/../lib/gcc/arm-none-eabi/7.3.1/../../../../arm-none-eabi/lib/thumb/v7e-m\libcr_nohost_nf.a(__sys_close.o)
 .comment       0x0000007f       0x80 c:/nxp/mcuxpressoide_10.3.0_2200/ide/plugins/com.nxp.mcuxpresso.tools.win32_10.3.0.201811011841/tools/bin/../lib/gcc/arm-none-eabi/7.3.1/../../../../arm-none-eabi/lib/thumb/v7e-m\libcr_nohost_nf.a(__sys_flen.o)
 .comment       0x0000007f       0x80 c:/nxp/mcuxpressoide_10.3.0_2200/ide/plugins/com.nxp.mcuxpresso.tools.win32_10.3.0.201811011841/tools/bin/../lib/gcc/arm-none-eabi/7.3.1/../../../../arm-none-eabi/lib/thumb/v7e-m\libcr_nohost_nf.a(__sys_istty.o)
 .comment       0x0000007f       0x80 c:/nxp/mcuxpressoide_10.3.0_2200/ide/plugins/com.nxp.mcuxpresso.tools.win32_10.3.0.201811011841/tools/bin/../lib/gcc/arm-none-eabi/7.3.1/../../../../arm-none-eabi/lib/thumb/v7e-m\libcr_nohost_nf.a(__sys_read.o)
 .comment       0x0000007f       0x80 c:/nxp/mcuxpressoide_10.3.0_2200/ide/plugins/com.nxp.mcuxpresso.tools.win32_10.3.0.201811011841/tools/bin/../lib/gcc/arm-none-eabi/7.3.1/../../../../arm-none-eabi/lib/thumb/v7e-m\libcr_nohost_nf.a(__sys_remove.o)
 .comment       0x0000007f       0x80 c:/nxp/mcuxpressoide_10.3.0_2200/ide/plugins/com.nxp.mcuxpresso.tools.win32_10.3.0.201811011841/tools/bin/../lib/gcc/arm-none-eabi/7.3.1/../../../../arm-none-eabi/lib/thumb/v7e-m\libcr_nohost_nf.a(__sys_seek.o)
 .comment       0x0000007f       0x80 c:/nxp/mcuxpressoide_10.3.0_2200/ide/plugins/com.nxp.mcuxpresso.tools.win32_10.3.0.201811011841/tools/bin/../lib/gcc/arm-none-eabi/7.3.1/../../../../arm-none-eabi/lib/thumb/v7e-m\libcr_nohost_nf.a(__sys_tmpnam.o)

.ARM.attributes
                0x00000000       0x31
 .ARM.attributes
                0x00000000       0x33 ./utilities/fsl_debug_console.o
 .ARM.attributes
                0x00000033       0x33 ./startup/startup_mk60d10.o
 .ARM.attributes
                0x00000066       0x33 ./source/crc.o
 .ARM.attributes
                0x00000099       0x33 ./source/main.o
 .ARM.attributes
                0x000000cc       0x33 ./source/semihost_hardfault.o
 .ARM.attributes
                0x000000ff       0x33 ./drivers/fsl_clock.o
 .ARM.attributes
                0x00000132       0x33 ./drivers/fsl_crc.o
 .ARM.attributes
                0x00000165       0x33 ./drivers/fsl_uart.o
 .ARM.attributes
                0x00000198       0x33 ./board/board.o
 .ARM.attributes
                0x000001cb       0x33 ./board/clock_config.o
 .ARM.attributes
                0x000001fe       0x33 ./board/pin_mux.o
 .ARM.attributes
                0x00000231       0x33 ./CMSIS/system_MK60D10.o
 .ARM.attributes
                0x00000264       0x33 c:/nxp/mcuxpressoide_10.3.0_2200/ide/plugins/com.nxp.mcuxpresso.tools.win32_10.3.0.201811011841/tools/bin/../lib/gcc/arm-none-eabi/7.3.1/../../../../arm-none-eabi/lib/thumb/v7e-m\libcr_nohost_nf.a(__ciob.o)
 .ARM.attributes
                0x00000297       0x33 c:/nxp/mcuxpressoide_10.3.0_2200/ide/plugins/com.nxp.mcuxpresso.tools.win32_10.3.0.201811011841/tools/bin/../lib/gcc/arm-none-eabi/7.3.1/../../../../arm-none-eabi/lib/thumb/v7e-m\libcr_nohost_nf.a(_cr__main.o)
 .ARM.attributes
                0x000002ca       0x33 c:/nxp/mcuxpressoide_10.3.0_2200/ide/plugins/com.nxp.mcuxpresso.tools.win32_10.3.0.201811011841/tools/bin/../lib/gcc/arm-none-eabi/7.3.1/../../../../arm-none-eabi/lib/thumb/v7e-m\libcr_nohost_nf.a(_cr_assert.o)
 .ARM.attributes
                0x000002fd       0x33 c:/nxp/mcuxpressoide_10.3.0_2200/ide/plugins/com.nxp.mcuxpresso.tools.win32_10.3.0.201811011841/tools/bin/../lib/gcc/arm-none-eabi/7.3.1/../../../../arm-none-eabi/lib/thumb/v7e-m\libcr_nohost_nf.a(__sys_appexit.o)
 .ARM.attributes
                0x00000330       0x33 c:/nxp/mcuxpressoide_10.3.0_2200/ide/plugins/com.nxp.mcuxpresso.tools.win32_10.3.0.201811011841/tools/bin/../lib/gcc/arm-none-eabi/7.3.1/../../../../arm-none-eabi/lib/thumb/v7e-m\libcr_c.a(memcpy.o)
 .ARM.attributes
                0x00000363       0x33 c:/nxp/mcuxpressoide_10.3.0_2200/ide/plugins/com.nxp.mcuxpresso.tools.win32_10.3.0.201811011841/tools/bin/../lib/gcc/arm-none-eabi/7.3.1/../../../../arm-none-eabi/lib/thumb/v7e-m\libcr_c.a(memset.o)
 .ARM.attributes
                0x00000396       0x33 c:/nxp/mcuxpressoide_10.3.0_2200/ide/plugins/com.nxp.mcuxpresso.tools.win32_10.3.0.201811011841/tools/bin/../lib/gcc/arm-none-eabi/7.3.1/../../../../arm-none-eabi/lib/thumb/v7e-m\libcr_c.a(__fillbuf.o)
 .ARM.attributes
                0x000003c9       0x33 c:/nxp/mcuxpressoide_10.3.0_2200/ide/plugins/com.nxp.mcuxpresso.tools.win32_10.3.0.201811011841/tools/bin/../lib/gcc/arm-none-eabi/7.3.1/../../../../arm-none-eabi/lib/thumb/v7e-m\libcr_c.a(_deferredlazyseek.o)
 .ARM.attributes
                0x000003fc       0x33 c:/nxp/mcuxpressoide_10.3.0_2200/ide/plugins/com.nxp.mcuxpresso.tools.win32_10.3.0.201811011841/tools/bin/../lib/gcc/arm-none-eabi/7.3.1/../../../../arm-none-eabi/lib/thumb/v7e-m\libcr_c.a(_fflush.o)
 .ARM.attributes
                0x0000042f       0x33 c:/nxp/mcuxpressoide_10.3.0_2200/ide/plugins/com.nxp.mcuxpresso.tools.win32_10.3.0.201811011841/tools/bin/../lib/gcc/arm-none-eabi/7.3.1/../../../../arm-none-eabi/lib/thumb/v7e-m\libcr_c.a(_writebuf.o)
 .ARM.attributes
                0x00000462       0x33 c:/nxp/mcuxpressoide_10.3.0_2200/ide/plugins/com.nxp.mcuxpresso.tools.win32_10.3.0.201811011841/tools/bin/../lib/gcc/arm-none-eabi/7.3.1/../../../../arm-none-eabi/lib/thumb/v7e-m\libcr_c.a(alloc.o)
 .ARM.attributes
                0x00000495       0x33 c:/nxp/mcuxpressoide_10.3.0_2200/ide/plugins/com.nxp.mcuxpresso.tools.win32_10.3.0.201811011841/tools/bin/../lib/gcc/arm-none-eabi/7.3.1/../../../../arm-none-eabi/lib/thumb/v7e-m\libcr_c.a(fputs.o)
 .ARM.attributes
                0x000004c8       0x33 c:/nxp/mcuxpressoide_10.3.0_2200/ide/plugins/com.nxp.mcuxpresso.tools.win32_10.3.0.201811011841/tools/bin/../lib/gcc/arm-none-eabi/7.3.1/../../../../arm-none-eabi/lib/thumb/v7e-m\libcr_c.a(fseek.o)
 .ARM.attributes
                0x000004fb       0x33 c:/nxp/mcuxpressoide_10.3.0_2200/ide/plugins/com.nxp.mcuxpresso.tools.win32_10.3.0.201811011841/tools/bin/../lib/gcc/arm-none-eabi/7.3.1/../../../../arm-none-eabi/lib/thumb/v7e-m\libcr_c.a(ftell.o)
 .ARM.attributes
                0x0000052e       0x33 c:/nxp/mcuxpressoide_10.3.0_2200/ide/plugins/com.nxp.mcuxpresso.tools.win32_10.3.0.201811011841/tools/bin/../lib/gcc/arm-none-eabi/7.3.1/../../../../arm-none-eabi/lib/thumb/v7e-m\libcr_c.a(initio.o)
 .ARM.attributes
                0x00000561       0x33 c:/nxp/mcuxpressoide_10.3.0_2200/ide/plugins/com.nxp.mcuxpresso.tools.win32_10.3.0.201811011841/tools/bin/../lib/gcc/arm-none-eabi/7.3.1/../../../../arm-none-eabi/lib/thumb/v7e-m\libcr_c.a(printf.o)
 .ARM.attributes
                0x00000594       0x33 c:/nxp/mcuxpressoide_10.3.0_2200/ide/plugins/com.nxp.mcuxpresso.tools.win32_10.3.0.201811011841/tools/bin/../lib/gcc/arm-none-eabi/7.3.1/../../../../arm-none-eabi/lib/thumb/v7e-m\libcr_c.a(scanf.o)
 .ARM.attributes
                0x000005c7       0x33 c:/nxp/mcuxpressoide_10.3.0_2200/ide/plugins/com.nxp.mcuxpresso.tools.win32_10.3.0.201811011841/tools/bin/../lib/gcc/arm-none-eabi/7.3.1/../../../../arm-none-eabi/lib/thumb/v7e-m\libcr_c.a(setvbuf.o)
 .ARM.attributes
                0x000005fa       0x33 c:/nxp/mcuxpressoide_10.3.0_2200/ide/plugins/com.nxp.mcuxpresso.tools.win32_10.3.0.201811011841/tools/bin/../lib/gcc/arm-none-eabi/7.3.1/../../../../arm-none-eabi/lib/thumb/v7e-m\libcr_c.a(strlen.o)
 .ARM.attributes
                0x0000062d       0x33 c:/nxp/mcuxpressoide_10.3.0_2200/ide/plugins/com.nxp.mcuxpresso.tools.win32_10.3.0.201811011841/tools/bin/../lib/gcc/arm-none-eabi/7.3.1/../../../../arm-none-eabi/lib/thumb/v7e-m\libcr_c.a(__init_alloc.o)
 .ARM.attributes
                0x00000660       0x33 c:/nxp/mcuxpressoide_10.3.0_2200/ide/plugins/com.nxp.mcuxpresso.tools.win32_10.3.0.201811011841/tools/bin/../lib/gcc/arm-none-eabi/7.3.1/../../../../arm-none-eabi/lib/thumb/v7e-m\libcr_c.a(_cr_sbrk.o)
 .ARM.attributes
                0x00000693       0x33 c:/nxp/mcuxpressoide_10.3.0_2200/ide/plugins/com.nxp.mcuxpresso.tools.win32_10.3.0.201811011841/tools/bin/../lib/gcc/arm-none-eabi/7.3.1/../../../../arm-none-eabi/lib/thumb/v7e-m\libcr_c.a(_fdopen.o)
 .ARM.attributes
                0x000006c6       0x33 c:/nxp/mcuxpressoide_10.3.0_2200/ide/plugins/com.nxp.mcuxpresso.tools.win32_10.3.0.201811011841/tools/bin/../lib/gcc/arm-none-eabi/7.3.1/../../../../arm-none-eabi/lib/thumb/v7e-m\libcr_c.a(ctype.o)
 .ARM.attributes
                0x000006f9       0x33 c:/nxp/mcuxpressoide_10.3.0_2200/ide/plugins/com.nxp.mcuxpresso.tools.win32_10.3.0.201811011841/tools/bin/../lib/gcc/arm-none-eabi/7.3.1/../../../../arm-none-eabi/lib/thumb/v7e-m\libcr_c.a(errno.o)
 .ARM.attributes
                0x0000072c       0x33 c:/nxp/mcuxpressoide_10.3.0_2200/ide/plugins/com.nxp.mcuxpresso.tools.win32_10.3.0.201811011841/tools/bin/../lib/gcc/arm-none-eabi/7.3.1/../../../../arm-none-eabi/lib/thumb/v7e-m\libcr_c.a(fclose.o)
 .ARM.attributes
                0x0000075f       0x33 c:/nxp/mcuxpressoide_10.3.0_2200/ide/plugins/com.nxp.mcuxpresso.tools.win32_10.3.0.201811011841/tools/bin/../lib/gcc/arm-none-eabi/7.3.1/../../../../arm-none-eabi/lib/thumb/v7e-m\libcr_c.a(fflush.o)
 .ARM.attributes
                0x00000792       0x33 c:/nxp/mcuxpressoide_10.3.0_2200/ide/plugins/com.nxp.mcuxpresso.tools.win32_10.3.0.201811011841/tools/bin/../lib/gcc/arm-none-eabi/7.3.1/../../../../arm-none-eabi/lib/thumb/v7e-m\libcr_c.a(remove.o)
 .ARM.attributes
                0x000007c5       0x33 c:/nxp/mcuxpressoide_10.3.0_2200/ide/plugins/com.nxp.mcuxpresso.tools.win32_10.3.0.201811011841/tools/bin/../lib/gcc/arm-none-eabi/7.3.1/../../../../arm-none-eabi/lib/thumb/v7e-m\libcr_c.a(_cr_check_heap.o)
 .ARM.attributes
                0x000007f8       0x33 c:/nxp/mcuxpressoide_10.3.0_2200/ide/plugins/com.nxp.mcuxpresso.tools.win32_10.3.0.201811011841/tools/bin/../lib/gcc/arm-none-eabi/7.3.1/../../../../arm-none-eabi/lib/thumb/v7e-m\libcr_c.a(_do_fflush.o)
 .ARM.attributes
                0x0000082b       0x21 c:/nxp/mcuxpressoide_10.3.0_2200/ide/plugins/com.nxp.mcuxpresso.tools.win32_10.3.0.201811011841/tools/bin/../lib/gcc/arm-none-eabi/7.3.1/thumb/v7e-m\libcr_eabihelpers.a(memcpy.o)
 .ARM.attributes
                0x0000084c       0x33 c:/nxp/mcuxpressoide_10.3.0_2200/ide/plugins/com.nxp.mcuxpresso.tools.win32_10.3.0.201811011841/tools/bin/../lib/gcc/arm-none-eabi/7.3.1/../../../../arm-none-eabi/lib/thumb/v7e-m\libcr_nohost_nf.a(__sys_close.o)
 .ARM.attributes
                0x0000087f       0x33 c:/nxp/mcuxpressoide_10.3.0_2200/ide/plugins/com.nxp.mcuxpresso.tools.win32_10.3.0.201811011841/tools/bin/../lib/gcc/arm-none-eabi/7.3.1/../../../../arm-none-eabi/lib/thumb/v7e-m\libcr_nohost_nf.a(__sys_flen.o)
 .ARM.attributes
                0x000008b2       0x33 c:/nxp/mcuxpressoide_10.3.0_2200/ide/plugins/com.nxp.mcuxpresso.tools.win32_10.3.0.201811011841/tools/bin/../lib/gcc/arm-none-eabi/7.3.1/../../../../arm-none-eabi/lib/thumb/v7e-m\libcr_nohost_nf.a(__sys_istty.o)
 .ARM.attributes
                0x000008e5       0x33 c:/nxp/mcuxpressoide_10.3.0_2200/ide/plugins/com.nxp.mcuxpresso.tools.win32_10.3.0.201811011841/tools/bin/../lib/gcc/arm-none-eabi/7.3.1/../../../../arm-none-eabi/lib/thumb/v7e-m\libcr_nohost_nf.a(__sys_read.o)
 .ARM.attributes
                0x00000918       0x33 c:/nxp/mcuxpressoide_10.3.0_2200/ide/plugins/com.nxp.mcuxpresso.tools.win32_10.3.0.201811011841/tools/bin/../lib/gcc/arm-none-eabi/7.3.1/../../../../arm-none-eabi/lib/thumb/v7e-m\libcr_nohost_nf.a(__sys_remove.o)
 .ARM.attributes
                0x0000094b       0x33 c:/nxp/mcuxpressoide_10.3.0_2200/ide/plugins/com.nxp.mcuxpresso.tools.win32_10.3.0.201811011841/tools/bin/../lib/gcc/arm-none-eabi/7.3.1/../../../../arm-none-eabi/lib/thumb/v7e-m\libcr_nohost_nf.a(__sys_seek.o)
 .ARM.attributes
                0x0000097e       0x33 c:/nxp/mcuxpressoide_10.3.0_2200/ide/plugins/com.nxp.mcuxpresso.tools.win32_10.3.0.201811011841/tools/bin/../lib/gcc/arm-none-eabi/7.3.1/../../../../arm-none-eabi/lib/thumb/v7e-m\libcr_nohost_nf.a(__sys_tmpnam.o)

.debug_frame    0x00000000     0x1f04
 .debug_frame   0x00000000       0xe8 ./utilities/fsl_debug_console.o
 .debug_frame   0x000000e8      0x9dc ./startup/startup_mk60d10.o
 .debug_frame   0x00000ac4      0x168 ./source/crc.o
 .debug_frame   0x00000c2c       0xe0 ./source/main.o
 .debug_frame   0x00000d0c       0x20 ./source/semihost_hardfault.o
 .debug_frame   0x00000d2c      0x820 ./drivers/fsl_clock.o
 .debug_frame   0x0000154c      0x1bc ./drivers/fsl_crc.o
 .debug_frame   0x00001708      0x5ec ./drivers/fsl_uart.o
 .debug_frame   0x00001cf4       0x34 ./board/board.o
 .debug_frame   0x00001d28      0x108 ./board/clock_config.o
 .debug_frame   0x00001e30       0x7c ./board/pin_mux.o
 .debug_frame   0x00001eac       0x58 ./CMSIS/system_MK60D10.o
